Component: ARM Compiler 5.06 update 6 (build 750) Tool: armlink [4d35ed]

==============================================================================

Section Cross References

    startup_stm32f103xb.o(STACK) refers (Special) to heapauxi.o(.text) for __use_two_region_memory
    startup_stm32f103xb.o(HEAP) refers (Special) to heapauxi.o(.text) for __use_two_region_memory
    startup_stm32f103xb.o(RESET) refers (Special) to heapauxi.o(.text) for __use_two_region_memory
    startup_stm32f103xb.o(RESET) refers to startup_stm32f103xb.o(STACK) for __initial_sp
    startup_stm32f103xb.o(RESET) refers to startup_stm32f103xb.o(.text) for Reset_Handler
    startup_stm32f103xb.o(RESET) refers to stm32f1xx_it.o(i.NMI_Handler) for NMI_Handler
    startup_stm32f103xb.o(RESET) refers to stm32f1xx_it.o(i.HardFault_Handler) for HardFault_Handler
    startup_stm32f103xb.o(RESET) refers to stm32f1xx_it.o(i.MemManage_Handler) for MemManage_Handler
    startup_stm32f103xb.o(RESET) refers to stm32f1xx_it.o(i.BusFault_Handler) for BusFault_Handler
    startup_stm32f103xb.o(RESET) refers to stm32f1xx_it.o(i.UsageFault_Handler) for UsageFault_Handler
    startup_stm32f103xb.o(RESET) refers to stm32f1xx_it.o(i.SVC_Handler) for SVC_Handler
    startup_stm32f103xb.o(RESET) refers to stm32f1xx_it.o(i.DebugMon_Handler) for DebugMon_Handler
    startup_stm32f103xb.o(RESET) refers to stm32f1xx_it.o(i.PendSV_Handler) for PendSV_Handler
    startup_stm32f103xb.o(RESET) refers to stm32f1xx_it.o(i.SysTick_Handler) for SysTick_Handler
    startup_stm32f103xb.o(RESET) refers to stm32f1xx_it.o(i.TIM2_IRQHandler) for TIM2_IRQHandler
    startup_stm32f103xb.o(RESET) refers to stm32f1xx_it.o(i.TIM3_IRQHandler) for TIM3_IRQHandler
    startup_stm32f103xb.o(RESET) refers to stm32f1xx_it.o(i.USART1_IRQHandler) for USART1_IRQHandler
    startup_stm32f103xb.o(RESET) refers to stm32f1xx_it.o(i.USART3_IRQHandler) for USART3_IRQHandler
    startup_stm32f103xb.o(.text) refers (Special) to heapauxi.o(.text) for __use_two_region_memory
    startup_stm32f103xb.o(.text) refers to system_stm32f1xx.o(i.SystemInit) for SystemInit
    startup_stm32f103xb.o(.text) refers to __main.o(!!!main) for __main
    startup_stm32f103xb.o(.text) refers to startup_stm32f103xb.o(HEAP) for Heap_Mem
    startup_stm32f103xb.o(.text) refers to startup_stm32f103xb.o(STACK) for Stack_Mem
    nokia5110lcd.o(i.LCDWrite) refers to stm32f1xx_hal_gpio.o(i.HAL_GPIO_WritePin) for HAL_GPIO_WritePin
    nokia5110lcd.o(i.LCDWrite) refers to stm32f1xx_hal_spi.o(i.HAL_SPI_Transmit) for HAL_SPI_Transmit
    nokia5110lcd.o(i.LCDWrite) refers to nokia5110lcd.o(.data) for .data
    nokia5110lcd.o(i.LCDWrite) refers to spi.o(.bss) for hspi2
    nokia5110lcd.o(i.clearDisplay) refers to nokia5110lcd.o(.bss) for .bss
    nokia5110lcd.o(i.clearPixel) refers to nokia5110lcd.o(i.setPixel) for setPixel
    nokia5110lcd.o(i.gotoXY) refers to nokia5110lcd.o(i.LCDWrite) for LCDWrite
    nokia5110lcd.o(i.invertDisplay) refers to nokia5110lcd.o(i.updateDisplay) for updateDisplay
    nokia5110lcd.o(i.invertDisplay) refers to nokia5110lcd.o(.bss) for .bss
    nokia5110lcd.o(i.lcdBegin) refers to stm32f1xx_hal_gpio.o(i.HAL_GPIO_WritePin) for HAL_GPIO_WritePin
    nokia5110lcd.o(i.lcdBegin) refers to nokia5110lcd.o(i.LCDWrite) for LCDWrite
    nokia5110lcd.o(i.lcdBegin) refers to nokia5110lcd.o(i.updateDisplay) for updateDisplay
    nokia5110lcd.o(i.lcdBegin) refers to nokia5110lcd.o(.data) for .data
    nokia5110lcd.o(i.lcdFunTime) refers to nokia5110lcd.o(i.clearDisplay) for clearDisplay
    nokia5110lcd.o(i.lcdFunTime) refers to rand.o(.emb_text) for rand
    nokia5110lcd.o(i.lcdFunTime) refers to nokia5110lcd.o(i.setPixel) for setPixel
    nokia5110lcd.o(i.lcdFunTime) refers to nokia5110lcd.o(i.updateDisplay) for updateDisplay
    nokia5110lcd.o(i.lcdFunTime) refers to stm32f1xx_hal.o(i.HAL_Delay) for HAL_Delay
    nokia5110lcd.o(i.lcdFunTime) refers to nokia5110lcd.o(i.setStr) for setStr
    nokia5110lcd.o(i.lcdFunTime) refers to nokia5110lcd.o(i.invertDisplay) for invertDisplay
    nokia5110lcd.o(i.lcdFunTime) refers to dflt_clz.o(x$fpl$dflt) for __aeabi_i2d
    nokia5110lcd.o(i.lcdFunTime) refers to f2d.o(x$fpl$f2d) for __aeabi_f2d
    nokia5110lcd.o(i.lcdFunTime) refers to sin.o(i.sin) for sin
    nokia5110lcd.o(i.lcdFunTime) refers to dmul.o(x$fpl$dmul) for __aeabi_dmul
    nokia5110lcd.o(i.lcdFunTime) refers to daddsub_clz.o(x$fpl$dadd) for __aeabi_dadd
    nokia5110lcd.o(i.lcdFunTime) refers to dfix.o(x$fpl$dfix) for __aeabi_d2iz
    nokia5110lcd.o(i.lcdFunTime) refers to cos.o(i.cos) for cos
    nokia5110lcd.o(i.lcdFunTime) refers to nokia5110lcd.o(i.setLine) for setLine
    nokia5110lcd.o(i.lcdFunTime) refers to d2f.o(x$fpl$d2f) for __aeabi_d2f
    nokia5110lcd.o(i.lcdFunTime) refers to nokia5110lcd.o(i.setRect) for setRect
    nokia5110lcd.o(i.lcdFunTime) refers to nokia5110lcd.o(i.setCircle) for setCircle
    nokia5110lcd.o(i.lcdFunTime) refers to nokia5110lcd.o(i.setBitmap) for setBitmap
[...]
    __rt_lib_shutdown_signal_1               0x08000195   Thumb Code     0  libshutdown2.o(.ARM.Collect$$libshutdown$$0000000A)
    __rt_lib_shutdown_stdio_1                0x08000195   Thumb Code     0  libshutdown2.o(.ARM.Collect$$libshutdown$$00000004)
    __rt_lib_shutdown_user_alloc_1           0x08000195   Thumb Code     0  libshutdown2.o(.ARM.Collect$$libshutdown$$0000000C)
    __rt_entry                               0x08000197   Thumb Code     0  __rtentry.o(.ARM.Collect$$rtentry$$00000000)
    __rt_entry_presh_1                       0x08000197   Thumb Code     0  __rtentry2.o(.ARM.Collect$$rtentry$$00000002)
    __rt_entry_sh                            0x08000197   Thumb Code     0  __rtentry4.o(.ARM.Collect$$rtentry$$00000004)
    __rt_entry_li                            0x0800019d   Thumb Code     0  __rtentry2.o(.ARM.Collect$$rtentry$$0000000A)
    __rt_entry_postsh_1                      0x0800019d   Thumb Code     0  __rtentry2.o(.ARM.Collect$$rtentry$$00000009)
    __rt_entry_main                          0x080001a1   Thumb Code     0  __rtentry2.o(.ARM.Collect$$rtentry$$0000000D)
    __rt_entry_postli_1                      0x080001a1   Thumb Code     0  __rtentry2.o(.ARM.Collect$$rtentry$$0000000C)
    __rt_exit                                0x080001a9   Thumb Code     0  rtexit.o(.ARM.Collect$$rtexit$$00000000)
    __rt_exit_ls                             0x080001ab   Thumb Code     0  rtexit2.o(.ARM.Collect$$rtexit$$00000003)
    __rt_exit_prels_1                        0x080001ab   Thumb Code     0  rtexit2.o(.ARM.Collect$$rtexit$$00000002)
    __rt_exit_exit                           0x080001af   Thumb Code     0  rtexit2.o(.ARM.Collect$$rtexit$$00000004)
    Reset_Handler                            0x080001b5   Thumb Code     8  startup_stm32f103xb.o(.text)
    _maybe_terminate_alloc                   0x080001b5   Thumb Code     0  maybetermalloc1.o(.emb_text)
    ADC1_2_IRQHandler                        0x080001cf   Thumb Code     0  startup_stm32f103xb.o(.text)
    CAN1_RX1_IRQHandler                      0x080001cf   Thumb Code     0  startup_stm32f103xb.o(.text)
    CAN1_SCE_IRQHandler                      0x080001cf   Thumb Code     0  startup_stm32f103xb.o(.text)
    DMA1_Channel1_IRQHandler                 0x080001cf   Thumb Code     0  startup_stm32f103xb.o(.text)
    DMA1_Channel2_IRQHandler                 0x080001cf   Thumb Code     0  startup_stm32f103xb.o(.text)
    DMA1_Channel3_IRQHandler                 0x080001cf   Thumb Code     0  startup_stm32f103xb.o(.text)
    DMA1_Channel4_IRQHandler                 0x080001cf   Thumb Code     0  startup_stm32f103xb.o(.text)
    DMA1_Channel5_IRQHandler                 0x080001cf   Thumb Code     0  startup_stm32f103xb.o(.text)
    DMA1_Channel6_IRQHandler                 0x080001cf   Thumb Code     0  startup_stm32f103xb.o(.text)
    DMA1_Channel7_IRQHandler                 0x080001cf   Thumb Code     0  startup_stm32f103xb.o(.text)
    EXTI0_IRQHandler                         0x080001cf   Thumb Code     0  startup_stm32f103xb.o(.text)
    EXTI15_10_IRQHandler                     0x080001cf   Thumb Code     0  startup_stm32f103xb.o(.text)
    EXTI1_IRQHandler                         0x080001cf   Thumb Code     0  startup_stm32f103xb.o(.text)
    EXTI2_IRQHandler                         0x080001cf   Thumb Code     0  startup_stm32f103xb.o(.text)
    EXTI3_IRQHandler                         0x080001cf   Thumb Code     0  startup_stm32f103xb.o(.text)
    EXTI4_IRQHandler                         0x080001cf   Thumb Code     0  startup_stm32f103xb.o(.text)
    EXTI9_5_IRQHandler                       0x080001cf   Thumb Code     0  startup_stm32f103xb.o(.text)
    FLASH_IRQHandler                         0x080001cf   Thumb Code     0  startup_stm32f103xb.o(.text)
    I2C1_ER_IRQHandler                       0x080001cf   Thumb Code     0  startup_stm32f103xb.o(.text)
    I2C1_EV_IRQHandler                       0x080001cf   Thumb Code     0  startup_stm32f103xb.o(.text)
    I2C2_ER_IRQHandler                       0x080001cf   Thumb Code     0  startup_stm32f103xb.o(.text)
    I2C2_EV_IRQHandler                       0x080001cf   Thumb Code     0  startup_stm32f103xb.o(.text)
    PVD_IRQHandler                           0x080001cf   Thumb Code     0  startup_stm32f103xb.o(.text)
    RCC_IRQHandler                           0x080001cf   Thumb Code     0  startup_stm32f103xb.o(.text)
    RTC_Alarm_IRQHandler                     0x080001cf   Thumb Code     0  startup_stm32f103xb.o(.text)
    RTC_IRQHandler                           0x080001cf   Thumb Code     0  startup_stm32f103xb.o(.text)
    SPI1_IRQHandler                          0x080001cf   Thumb Code     0  startup_stm32f103xb.o(.text)
    SPI2_IRQHandler                          0x080001cf   Thumb Code     0  startup_stm32f103xb.o(.text)
    TAMPER_IRQHandler                        0x080001cf   Thumb Code     0  startup_stm32f103xb.o(.text)
    TIM1_BRK_IRQHandler                      0x080001cf   Thumb Code     0  startup_stm32f103xb.o(.text)
    TIM1_CC_IRQHandler                       0x080001cf   Thumb Code     0  startup_stm32f103xb.o(.text)
    TIM1_TRG_COM_IRQHandler                  0x080001cf   Thumb Code     0  startup_stm32f103xb.o(.text)
    TIM1_UP_IRQHandler                       0x080001cf   Thumb Code     0  startup_stm32f103xb.o(.text)
    TIM4_IRQHandler                          0x080001cf   Thumb Code     0  startup_stm32f103xb.o(.text)
    USART2_IRQHandler                        0x080001cf   Thumb Code     0  startup_stm32f103xb.o(.text)
    USBWakeUp_IRQHandler                     0x080001cf   Thumb Code     0  startup_stm32f103xb.o(.text)
    USB_HP_CAN1_TX_IRQHandler                0x080001cf   Thumb Code     0  startup_stm32f103xb.o(.text)
    USB_LP_CAN1_RX0_IRQHandler               0x080001cf   Thumb Code     0  startup_stm32f103xb.o(.text)
    WWDG_IRQHandler                          0x080001cf   Thumb Code     0  startup_stm32f103xb.o(.text)
    __user_initial_stackheap                 0x080001d1   Thumb Code     0  startup_stm32f103xb.o(.text)
    __rt_ctype_table                         0x080001f5   Thumb Code    16  rt_ctype_table.o(.text)
    malloc                                   0x08000205   Thumb Code    94  h1_alloc.o(.text)
    free                                     0x08000263   Thumb Code    78  h1_free.o(.text)
    __2sprintf                               0x080002b1   Thumb Code    34  noretval__2sprintf.o(.text)
    __printf                                 0x080002d9   Thumb Code   270  __printf_wp.o(.text)
    strcpy                                   0x080003e7   Thumb Code    72  strcpy.o(.text)
    strlen                                   0x0800042f   Thumb Code    62  strlen.o(.text)
    strncmp                                  0x0800046d   Thumb Code   150  strncmp.o(.text)
    strcat                                   0x08000503   Thumb Code    24  strcat.o(.text)
    __aeabi_memcpy4                          0x0800051b   Thumb Code     0  rt_memcpy_w.o(.text)
    __aeabi_memcpy8                          0x0800051b   Thumb Code     0  rt_memcpy_w.o(.text)
    __rt_memcpy_w                            0x0800051b   Thumb Code   100  rt_memcpy_w.o(.text)
    _memcpy_lastbytes_aligned                0x08000563   Thumb Code     0  rt_memcpy_w.o(.text)
    __aeabi_memclr                           0x0800057f   Thumb Code     0  rt_memclr.o(.text)
    __rt_memclr                              0x0800057f   Thumb Code    68  rt_memclr.o(.text)
    _memset                                  0x08000583   Thumb Code     0  rt_memclr.o(.text)
    __aeabi_memclr4                          0x080005c3   Thumb Code     0  rt_memclr_w.o(.text)
    __aeabi_memclr8                          0x080005c3   Thumb Code     0  rt_memclr_w.o(.text)
    __rt_memclr_w                            0x080005c3   Thumb Code    78  rt_memclr_w.o(.text)
    _memset_w                                0x080005c7   Thumb Code     0  rt_memclr_w.o(.text)
    strncpy                                  0x08000611   Thumb Code    86  strncpy.o(.text)
    __use_two_region_memory                  0x08000667   Thumb Code     2  heapauxi.o(.text)
    __rt_heap_escrow                         0x08000669   Thumb Code     2  heapauxi.o(.text)
    __rt_heap_expand                         0x0800066b   Thumb Code     2  heapauxi.o(.text)
    __rt_heap_descriptor                     0x0800066d   Thumb Code     8  rt_heap_descriptor_intlibspace.o(.text)
    __rt_locale                              0x08000675   Thumb Code     8  rt_locale_intlibspace.o(.text)
    __use_no_heap                            0x0800067d   Thumb Code     2  hguard.o(.text)
    __heap$guard                             0x0800067f   Thumb Code     2  hguard.o(.text)
    _terminate_user_alloc                    0x08000681   Thumb Code     2  init_alloc.o(.text)
    _init_user_alloc                         0x08000683   Thumb Code     2  init_alloc.o(.text)
    __Heap_Full                              0x08000685   Thumb Code    34  init_alloc.o(.text)
    __Heap_Broken                            0x080006a7   Thumb Code     6  init_alloc.o(.text)
    _init_alloc                              0x080006ad   Thumb Code    94  init_alloc.o(.text)
    __Heap_Initialize                        0x0800070b   Thumb Code    10  h1_init.o(.text)
    __Heap_DescSize                          0x08000715   Thumb Code     4  h1_init.o(.text)
    __read_errno                             0x08000719   Thumb Code    10  _rserrno.o(.text)
    __set_errno                              0x08000723   Thumb Code    12  _rserrno.o(.text)
    __lib_sel_fp_printf                      0x0800072f   Thumb Code     2  _printf_fp_dec.o(.text)
    _printf_fp_dec_real                      0x080008e1   Thumb Code   620  _printf_fp_dec.o(.text)
    _printf_char_common                      0x08000b57   Thumb Code    32  _printf_char_common.o(.text)
    _sputc                                   0x08000b7d   Thumb Code    10  _sputc.o(.text)
    __strtod_int                             0x08000bc5   Thumb Code    90  strtod.o(.text)
    __user_libspace                          0x08000c2d   Thumb Code     8  libspace.o(.text)
    __user_perproc_libspace                  0x08000c2d   Thumb Code     0  libspace.o(.text)
    __user_perthread_libspace                0x08000c2d   Thumb Code     0  libspace.o(.text)
    __aeabi_errno_addr                       0x08000c35   Thumb Code     8  rt_errno_addr_intlibspace.o(.text)
    __errno$intlibspace                      0x08000c35   Thumb Code     0  rt_errno_addr_intlibspace.o(.text)
    __rt_errno_addr$intlibspace              0x08000c35   Thumb Code     0  rt_errno_addr_intlibspace.o(.text)
    __Heap_ProvideMemory                     0x08000c3d   Thumb Code    52  h1_extend.o(.text)
    _ll_udiv10                               0x08000c71   Thumb Code   138  lludiv10.o(.text)
    isspace                                  0x08000cfb   Thumb Code    18  isspace.o(.text)
    _printf_fp_infnan                        0x08000d0d   Thumb Code   112  _printf_fp_infnan.o(.text)
    _sgetc                                   0x08000d8d   Thumb Code    30  _sgetc.o(.text)
    _sbackspace                              0x08000dab   Thumb Code    34  _sgetc.o(.text)
    _btod_etento                             0x08000dcd   Thumb Code   224  bigflt0.o(.text)
    __rt_SIGRTMEM                            0x08000eb1   Thumb Code    14  defsig_rtmem_outer.o(.text)
    strcmp                                   0x08000ec1   Thumb Code   128  strcmpv7m.o(.text)
    __I$use$semihosting                      0x08000f41   Thumb Code     0  use_no_semi.o(.text)
    __use_no_semihosting_swi                 0x08000f41   Thumb Code     2  use_no_semi.o(.text)
    __semihosting_library_function           0x08000f43   Thumb Code     0  indicate_semi.o(.text)
    __user_setup_stackheap                   0x08000f43   Thumb Code    74  sys_stackheap_outer.o(.text)
    _scanf_really_real                       0x080011d9   Thumb Code   684  scanf_fp.o(.text)
    exit                                     0x08001485   Thumb Code    18  exit.o(.text)
    __sig_exit                               0x08001497   Thumb Code    10  defsig_exit.o(.text)
    __rt_SIGRTMEM_inner                      0x080014a1   Thumb Code    22  defsig_rtmem_inner.o(.text)
    _sys_exit                                0x080014f1   Thumb Code     8  sys_exit.o(.text)
    __default_signal_display                 0x080014fd   Thumb Code    50  defsig_general.o(.text)
    _ttywrch                                 0x0800152f   Thumb Code    14  sys_wrch.o(.text)
    _scanf_really_hex_real                   0x0800153d   Thumb Code   786  scanf_hexfp.o(.text)
    _scanf_really_infnan                     0x0800185d   Thumb Code   292  scanf_infnan.o(.text)
    __aeabi_llsl                             0x08001991   Thumb Code     0  llshl.o(.text)
    _ll_shift_l                              0x08001991   Thumb Code    38  llshl.o(.text)
    _chval                                   0x080019b7   Thumb Code    28  _chval.o(.text)
    _btod_d2e                                0x080019d3   Thumb Code    62  btod.o(CL$$btod_d2e)
    _d2e_denorm_low                          0x08001a11   Thumb Code    70  btod.o(CL$$btod_d2e_denorm_low)
    _d2e_norm_op1                            0x08001a57   Thumb Code    96  btod.o(CL$$btod_d2e_norm_op1)
    __btod_div_common                        0x08001ab7   Thumb Code   696  btod.o(CL$$btod_div_common)
    _e2d                                     0x08001df1   Thumb Code   122  btod.o(CL$$btod_e2d)
    _e2e                                     0x08001e75   Thumb Code   220  btod.o(CL$$btod_e2e)
    _btod_ediv                               0x08001f51   Thumb Code    42  btod.o(CL$$btod_ediv)
    _btod_edivd                              0x08001f7b   Thumb Code    42  btod.o(CL$$btod_edivd)
    _btod_emul                               0x08001fa5   Thumb Code    42  btod.o(CL$$btod_emul)
    _btod_emuld                              0x08001fcf   Thumb Code    42  btod.o(CL$$btod_emuld)
    __btod_mult_common                       0x08001ff9   Thumb Code   580  btod.o(CL$$btod_mult_common)
    BusFault_Handler                         0x0800223d   Thumb Code     2  stm32f1xx_it.o(i.BusFault_Handler)
    DebugMon_Handler                         0x0800223f   Thumb Code     2  stm32f1xx_it.o(i.DebugMon_Handler)
    Error_Handler                            0x08002241   Thumb Code     4  main.o(i.Error_Handler)
    HAL_DMA_Abort                            0x08002245   Thumb Code    70  stm32f1xx_hal_dma.o(i.HAL_DMA_Abort)
    HAL_DMA_Abort_IT                         0x0800228d   Thumb Code   148  stm32f1xx_hal_dma.o(i.HAL_DMA_Abort_IT)
    HAL_Delay                                0x08002325   Thumb Code    32  stm32f1xx_hal.o(i.HAL_Delay)
    HAL_GPIO_Init                            0x08002349   Thumb Code   446  stm32f1xx_hal_gpio.o(i.HAL_GPIO_Init)
    HAL_GPIO_ReadPin                         0x08002529   Thumb Code    10  stm32f1xx_hal_gpio.o(i.HAL_GPIO_ReadPin)
    HAL_GPIO_TogglePin                       0x08002533   Thumb Code    16  stm32f1xx_hal_gpio.o(i.HAL_GPIO_TogglePin)
    HAL_GPIO_WritePin                        0x08002543   Thumb Code    10  stm32f1xx_hal_gpio.o(i.HAL_GPIO_WritePin)
    HAL_GetTick                              0x0800254d   Thumb Code     6  stm32f1xx_hal.o(i.HAL_GetTick)
    HAL_IncTick                              0x08002559   Thumb Code    12  stm32f1xx_hal.o(i.HAL_IncTick)
    HAL_Init                                 0x08002569   Thumb Code    32  stm32f1xx_hal.o(i.HAL_Init)
    HAL_InitTick                             0x0800258d   Thumb Code    54  stm32f1xx_hal.o(i.HAL_InitTick)
    HAL_MspInit                              0x080025cd   Thumb Code    52  stm32f1xx_hal_msp.o(i.HAL_MspInit)
    HAL_NVIC_EnableIRQ                       0x08002609   Thumb Code    26  stm32f1xx_hal_cortex.o(i.HAL_NVIC_EnableIRQ)
    HAL_NVIC_SetPriority                     0x08002625   Thumb Code    60  stm32f1xx_hal_cortex.o(i.HAL_NVIC_SetPriority)
    HAL_NVIC_SetPriorityGrouping             0x08002665   Thumb Code    26  stm32f1xx_hal_cortex.o(i.HAL_NVIC_SetPriorityGrouping)
    HAL_RCC_ClockConfig                      0x08002689   Thumb Code   280  stm32f1xx_hal_rcc.o(i.HAL_RCC_ClockConfig)
    HAL_RCC_GetPCLK1Freq                     0x080027b5   Thumb Code    20  stm32f1xx_hal_rcc.o(i.HAL_RCC_GetPCLK1Freq)
    HAL_RCC_GetPCLK2Freq                     0x080027d5   Thumb Code    20  stm32f1xx_hal_rcc.o(i.HAL_RCC_GetPCLK2Freq)
    HAL_RCC_GetSysClockFreq                  0x080027f5   Thumb Code    58  stm32f1xx_hal_rcc.o(i.HAL_RCC_GetSysClockFreq)
    HAL_RCC_OscConfig                        0x08002841   Thumb Code   778  stm32f1xx_hal_rcc.o(i.HAL_RCC_OscConfig)
    HAL_SPI_Init                             0x08002b61   Thumb Code   178  stm32f1xx_hal_spi.o(i.HAL_SPI_Init)
    HAL_SPI_MspInit                          0x08002c15   Thumb Code   102  spi.o(i.HAL_SPI_MspInit)
    HAL_SPI_Transmit                         0x08002c89   Thumb Code   366  stm32f1xx_hal_spi.o(i.HAL_SPI_Transmit)
    HAL_SYSTICK_Config                       0x08002df7   Thumb Code    40  stm32f1xx_hal_cortex.o(i.HAL_SYSTICK_Config)
    HAL_TIMEx_BreakCallback                  0x08002e1f   Thumb Code     2  stm32f1xx_hal_tim_ex.o(i.HAL_TIMEx_BreakCallback)
    HAL_TIMEx_CommutCallback                 0x08002e21   Thumb Code     2  stm32f1xx_hal_tim_ex.o(i.HAL_TIMEx_CommutCallback)
    HAL_TIMEx_MasterConfigSynchronization    0x08002e25   Thumb Code    92  stm32f1xx_hal_tim_ex.o(i.HAL_TIMEx_MasterConfigSynchronization)
    HAL_TIM_Base_Init                        0x08002e8d   Thumb Code    90  stm32f1xx_hal_tim.o(i.HAL_TIM_Base_Init)
    HAL_TIM_Base_MspInit                     0x08002ee9   Thumb Code    86  tim.o(i.HAL_TIM_Base_MspInit)
    HAL_TIM_Base_Start_IT                    0x08002f49   Thumb Code    76  stm32f1xx_hal_tim.o(i.HAL_TIM_Base_Start_IT)
    HAL_TIM_ConfigClockSource                0x08002fa1   Thumb Code   220  stm32f1xx_hal_tim.o(i.HAL_TIM_ConfigClockSource)
    HAL_TIM_IC_CaptureCallback               0x0800307d   Thumb Code     2  stm32f1xx_hal_tim.o(i.HAL_TIM_IC_CaptureCallback)
    HAL_TIM_IRQHandler                       0x0800307f   Thumb Code   358  stm32f1xx_hal_tim.o(i.HAL_TIM_IRQHandler)
    HAL_TIM_OC_DelayElapsedCallback          0x080031e5   Thumb Code     2  stm32f1xx_hal_tim.o(i.HAL_TIM_OC_DelayElapsedCallback)
    HAL_TIM_PWM_PulseFinishedCallback        0x080031e7   Thumb Code     2  stm32f1xx_hal_tim.o(i.HAL_TIM_PWM_PulseFinishedCallback)
    HAL_TIM_PeriodElapsedCallback            0x080031e9   Thumb Code    54  main.o(i.HAL_TIM_PeriodElapsedCallback)
    HAL_TIM_TriggerCallback                  0x08003235   Thumb Code     2  stm32f1xx_hal_tim.o(i.HAL_TIM_TriggerCallback)
    HAL_UARTEx_RxEventCallback               0x08003237   Thumb Code     2  stm32f1xx_hal_uart.o(i.HAL_UARTEx_RxEventCallback)
    HAL_UART_ErrorCallback                   0x08003239   Thumb Code     2  stm32f1xx_hal_uart.o(i.HAL_UART_ErrorCallback)
    HAL_UART_IRQHandler                      0x0800323d   Thumb Code   616  stm32f1xx_hal_uart.o(i.HAL_UART_IRQHandler)
    HAL_UART_Init                            0x080034a9   Thumb Code   100  stm32f1xx_hal_uart.o(i.HAL_UART_Init)
    HAL_UART_MspInit                         0x0800350d   Thumb Code   198  usart.o(i.HAL_UART_MspInit)
    HAL_UART_Receive_IT                      0x080035e9   Thumb Code    28  stm32f1xx_hal_uart.o(i.HAL_UART_Receive_IT)
    HAL_UART_RxCpltCallback                  0x08003605   Thumb Code    32  main.o(i.HAL_UART_RxCpltCallback)
    HAL_UART_Transmit                        0x0800362d   Thumb Code   154  stm32f1xx_hal_uart.o(i.HAL_UART_Transmit)
    HAL_UART_TxCpltCallback                  0x080036c7   Thumb Code     2  stm32f1xx_hal_uart.o(i.HAL_UART_TxCpltCallback)
    HardFault_Handler                        0x080036c9   Thumb Code     2  stm32f1xx_it.o(i.HardFault_Handler)
    InitCalculatorGP                         0x080036cd   Thumb Code    76  calculatorgp.o(i.InitCalculatorGP)
    LCDWrite                                 0x08003721   Thumb Code    58  nokia5110lcd.o(i.LCDWrite)
    MX_GPIO_Init                             0x08003765   Thumb Code   204  gpio.o(i.MX_GPIO_Init)
    MX_SPI2_Init                             0x08003841   Thumb Code    60  spi.o(i.MX_SPI2_Init)
    MX_TIM2_Init                             0x08003885   Thumb Code    98  tim.o(i.MX_TIM2_Init)
    MX_TIM3_Init                             0x080038ed   Thumb Code    94  tim.o(i.MX_TIM3_Init)
    MX_USART1_UART_Init                      0x08003955   Thumb Code    48  usart.o(i.MX_USART1_UART_Init)
    MX_USART3_UART_Init                      0x0800398d   Thumb Code    48  usart.o(i.MX_USART3_UART_Init)
    MemManage_Handler                        0x080039c5   Thumb Code     2  stm32f1xx_it.o(i.MemManage_Handler)
    NMI_Handler                              0x080039c7   Thumb Code     2  stm32f1xx_it.o(i.NMI_Handler)
    PendSV_Handler                           0x080039c9   Thumb Code     2  stm32f1xx_it.o(i.PendSV_Handler)
    SVC_Handler                              0x08003aa5   Thumb Code     2  stm32f1xx_it.o(i.SVC_Handler)
    SysTick_Handler                          0x08003aa7   Thumb Code     4  stm32f1xx_it.o(i.SysTick_Handler)
    SystemClock_Config                       0x08003aab   Thumb Code    94  main.o(i.SystemClock_Config)
    SystemInit                               0x08003b09   Thumb Code     2  system_stm32f1xx.o(i.SystemInit)
    TIM2_IRQHandler                          0x08003b0d   Thumb Code     6  stm32f1xx_it.o(i.TIM2_IRQHandler)
    TIM3_IRQHandler                          0x08003b19   Thumb Code     6  stm32f1xx_it.o(i.TIM3_IRQHandler)
    TIM_Base_SetConfig                       0x08003b25   Thumb Code    94  stm32f1xx_hal_tim.o(i.TIM_Base_SetConfig)
    TIM_ETR_SetConfig                        0x08003b91   Thumb Code    20  stm32f1xx_hal_tim.o(i.TIM_ETR_SetConfig)
    UART_Start_Receive_IT                    0x08003dd5   Thumb Code    54  stm32f1xx_hal_uart.o(i.UART_Start_Receive_IT)
    USART1_IRQHandler                        0x08003e85   Thumb Code     6  stm32f1xx_it.o(i.USART1_IRQHandler)
    USART3_IRQHandler                        0x08003e91   Thumb Code     6  stm32f1xx_it.o(i.USART3_IRQHandler)
    UsageFault_Handler                       0x08003e9d   Thumb Code     2  stm32f1xx_it.o(i.UsageFault_Handler)
    __ARM_fpclassify                         0x08003e9f   Thumb Code    40  fpclassify.o(i.__ARM_fpclassify)
    __ieee754_rem_pio2                       0x08003ee9   Thumb Code   828  rred.o(i.__ieee754_rem_pio2)
    __kernel_cos                             0x08004271   Thumb Code   230  cos_i.o(i.__kernel_cos)
    __kernel_poly                            0x0800436d   Thumb Code   170  poly.o(i.__kernel_poly)
    __kernel_sin                             0x08004419   Thumb Code   224  sin_i.o(i.__kernel_sin)
    __kernel_tan                             0x08004505   Thumb Code   586  tan_i.o(i.__kernel_tan)
    __mathlib_dbl_divzero                    0x08004781   Thumb Code    12  dunder.o(i.__mathlib_dbl_divzero)
    __mathlib_dbl_infnan                     0x08004791   Thumb Code     6  dunder.o(i.__mathlib_dbl_infnan)
    __mathlib_dbl_infnan2                    0x08004797   Thumb Code     4  dunder.o(i.__mathlib_dbl_infnan2)
    __mathlib_dbl_invalid                    0x0800479b   Thumb Code    12  dunder.o(i.__mathlib_dbl_invalid)
    __mathlib_dbl_overflow                   0x080047a7   Thumb Code    14  dunder.o(i.__mathlib_dbl_overflow)
    __mathlib_dbl_posinfnan                  0x080047b5   Thumb Code     8  dunder.o(i.__mathlib_dbl_posinfnan)
    __mathlib_dbl_underflow                  0x080047bd   Thumb Code    10  dunder.o(i.__mathlib_dbl_underflow)
    __mathlib_expm1                          0x080047cd   Thumb Code   812  expm1_i.o(i.__mathlib_expm1)
    __mathlib_narrow                         0x08004b59   Thumb Code    16  narrow.o(i.__mathlib_narrow)
    __mathlib_tofloat                        0x08004b69   Thumb Code   184  narrow.o(i.__mathlib_tofloat)
    __support_ldexp                          0x08004c25   Thumb Code    22  ldexp.o(i.__support_ldexp)
    _is_digit                                0x08004c3b   Thumb Code    14  __printf_wp.o(i._is_digit)
    acos                                     0x08004c49   Thumb Code   574  acos.o(i.acos)
    asin                                     0x08004ec9   Thumb Code   572  asin.o(i.asin)
    atan                                     0x08005139   Thumb Code   474  atan.o(i.atan)
    atan2                                    0x08005359   Thumb Code   346  atan2.o(i.atan2)
    but2str                                  0x08005645   Thumb Code   174  calculatorgp.o(i.but2str)
    cbrt                                     0x080056f9   Thumb Code   300  cbrt.o(i.cbrt)
    ceil                                     0x08005865   Thumb Code   204  ceil.o(i.ceil)
    checkButton                              0x08005941   Thumb Code   984  button.o(i.checkButton)
    clearDisplay                             0x08005d25   Thumb Code    30  nokia5110lcd.o(i.clearDisplay)
    cos                                      0x08005d51   Thumb Code   148  cos.o(i.cos)
    cosh                                     0x08005ded   Thumb Code   278  cosh.o(i.cosh)
    equation_x                               0x08005f3d   Thumb Code   254  tinyexpr.o(i.equation_x)
    equation_xy                              0x08006065   Thumb Code   806  tinyexpr.o(i.equation_xy)
    exp                                      0x080063b5   Thumb Code   554  exp.o(i.exp)
    fabs                                     0x080066ad   Thumb Code     6  fabs.o(i.fabs)
    floor                                    0x08006785   Thumb Code   204  floor.o(i.floor)
    fmod                                     0x08006861   Thumb Code   144  fmod.o(i.fmod)
    frexp                                    0x080068f5   Thumb Code    80  frexp.o(i.frexp)
    gotoXY                                   0x0800694d   Thumb Code    32  nokia5110lcd.o(i.gotoXY)
    initHostButtonFrame                      0x0800696d   Thumb Code    22  serialframe.o(i.initHostButtonFrame)
    insert                                   0x08006989   Thumb Code    50  tinyexpr.o(i.insert)
    insertCharToEqCursor                     0x080069bd   Thumb Code   216  calculatorgp.o(i.insertCharToEqCursor)
    lcdBegin                                 0x08006a99   Thumb Code    84  nokia5110lcd.o(i.lcdBegin)
    ldexp                                    0x08006af1   Thumb Code   116  ldexp.o(i.ldexp)
    log                                      0x08006bc1   Thumb Code   808  log.o(i.log)
    log10                                    0x08006f1d   Thumb Code   198  log10.o(i.log10)
    main                                     0x08007001   Thumb Code   204  main.o(i.main)
    next_token                               0x08007205   Thumb Code   440  tinyexpr.o(i.next_token)
    openingVideo                             0x08007409   Thumb Code   338  calculatorgp.o(i.openingVideo)
    pow                                      0x080075d1   Thumb Code  2512  pow.o(i.pow)
    setChar                                  0x08008011   Thumb Code    94  nokia5110lcd.o(i.setChar)
    setLine                                  0x08008075   Thumb Code   148  nokia5110lcd.o(i.setLine)
    setPixel                                 0x08008109   Thumb Code    62  nokia5110lcd.o(i.setPixel)
    setRect                                  0x0800814d   Thumb Code   120  nokia5110lcd.o(i.setRect)
    setStr                                   0x080081c5   Thumb Code    88  nokia5110lcd.o(i.setStr)
    setStrWithL                              0x0800821d   Thumb Code    98  nokia5110lcd.o(i.setStrWithL)
    showMenu                                 0x08008281   Thumb Code   116  menu.o(i.showMenu)
    sin                                      0x08008331   Thumb Code   150  sin.o(i.sin)
    sinh                                     0x080083d1   Thumb Code   318  sinh.o(i.sinh)
    sqrt                                     0x08008539   Thumb Code    76  sqrt.o(i.sqrt)
    stm32GetOneByte                          0x08008585   Thumb Code   172  serialframe.o(i.stm32GetOneByte)
    strtod                                   0x0800863d   Thumb Code    28  strtod.o(i.strtod)
    tan                                      0x0800865d   Thumb Code    90  tan.o(i.tan)
    tanh                                     0x080086c1   Thumb Code   198  tanh.o(i.tanh)
    te_compile                               0x08008795   Thumb Code    88  tinyexpr.o(i.te_compile)
    te_eval                                  0x080087ed   Thumb Code   942  tinyexpr.o(i.te_eval)
    te_free                                  0x08008ba1   Thumb Code    22  tinyexpr.o(i.te_free)
    te_free_parameters                       0x08008bb7   Thumb Code    86  tinyexpr.o(i.te_free_parameters)
    te_interp                                0x08008c0d   Thumb Code    42  tinyexpr.o(i.te_interp)
    updateButtonState                        0x08008cb5   Thumb Code     8  calculatorgp.o(i.updateButtonState)
    updateCalDisplayMap                      0x08008cc1   Thumb Code   134  calculatorgp.o(i.updateCalDisplayMap)
    updateDisplay                            0x08008d69   Thumb Code    34  nokia5110lcd.o(i.updateDisplay)
    updateEquationString                     0x08008d91   Thumb Code   698  calculatorgp.o(i.updateEquationString)
    _get_lc_ctype                            0x0800906d   Thumb Code    44  lc_ctype_c.o(locale$$code)
    _get_lc_numeric                          0x08009099   Thumb Code    44  lc_numeric_c.o(locale$$code)
    __aeabi_d2f                              0x080090c5   Thumb Code     0  d2f.o(x$fpl$d2f)
    _d2f                                     0x080090c5   Thumb Code    98  d2f.o(x$fpl$d2f)
    __aeabi_dadd                             0x08009129   Thumb Code     0  daddsub_clz.o(x$fpl$dadd)
    _dadd                                    0x08009129   Thumb Code   332  daddsub_clz.o(x$fpl$dadd)
    __fpl_dcheck_NaN1                        0x08009279   Thumb Code    10  dcheck1.o(x$fpl$dcheck1)
    __fpl_dcmp_Inf                           0x08009289   Thumb Code    24  dcmpi.o(x$fpl$dcmpinf)
    __aeabi_ddiv                             0x080092a1   Thumb Code     0  ddiv.o(x$fpl$ddiv)
    _ddiv                                    0x080092a1   Thumb Code   552  ddiv.o(x$fpl$ddiv)
    __aeabi_cdcmpeq                          0x08009551   Thumb Code     0  deqf.o(x$fpl$deqf)
    _dcmpeq                                  0x08009551   Thumb Code   120  deqf.o(x$fpl$deqf)
    __aeabi_d2iz                             0x080095c9   Thumb Code     0  dfix.o(x$fpl$dfix)
    _dfix                                    0x080095c9   Thumb Code    94  dfix.o(x$fpl$dfix)
    __aeabi_d2uiz                            0x08009629   Thumb Code     0  dfixu.o(x$fpl$dfixu)
    _dfixu                                   0x08009629   Thumb Code    90  dfixu.o(x$fpl$dfixu)
    __aeabi_i2d                              0x08009683   Thumb Code     0  dflt_clz.o(x$fpl$dflt)
    _dflt                                    0x08009683   Thumb Code    46  dflt_clz.o(x$fpl$dflt)
    __aeabi_ui2d                             0x080096b1   Thumb Code     0  dflt_clz.o(x$fpl$dfltu)
    _dfltu                                   0x080096b1   Thumb Code    38  dflt_clz.o(x$fpl$dfltu)
    __aeabi_cdcmple                          0x080096d9   Thumb Code     0  dleqf.o(x$fpl$dleqf)
    _dcmple                                  0x080096d9   Thumb Code   120  dleqf.o(x$fpl$dleqf)
    __fpl_dcmple_InfNaN                      0x0800973b   Thumb Code     0  dleqf.o(x$fpl$dleqf)
    __aeabi_dmul                             0x08009751   Thumb Code     0  dmul.o(x$fpl$dmul)
    _dmul                                    0x08009751   Thumb Code   332  dmul.o(x$fpl$dmul)
    __fpl_dnaninf                            0x080098a5   Thumb Code   156  dnaninf.o(x$fpl$dnaninf)
    _drem                                    0x08009941   Thumb Code   328  drem_clz.o(x$fpl$drem)
    __fpl_dretinf                            0x08009a91   Thumb Code    12  dretinf.o(x$fpl$dretinf)
    __aeabi_cdrcmple                         0x08009a9d   Thumb Code     0  drleqf.o(x$fpl$drleqf)
    _drcmple                                 0x08009a9d   Thumb Code   108  drleqf.o(x$fpl$drleqf)
    __aeabi_drsub                            0x08009b09   Thumb Code     0  daddsub_clz.o(x$fpl$drsb)
    _drsb                                    0x08009b09   Thumb Code    22  daddsub_clz.o(x$fpl$drsb)
    _dsqrt                                   0x08009b21   Thumb Code   456  dsqrt_noumaal.o(x$fpl$dsqrt)
    __aeabi_dsub                             0x08009ced   Thumb Code     0  daddsub_clz.o(x$fpl$dsub)
    _dsub                                    0x08009ced   Thumb Code   464  daddsub_clz.o(x$fpl$dsub)
    __aeabi_f2d                              0x08009ec1   Thumb Code     0  f2d.o(x$fpl$f2d)
    _f2d                                     0x08009ec1   Thumb Code    86  f2d.o(x$fpl$f2d)
    __aeabi_fdiv                             0x08009f19   Thumb Code     0  fdiv.o(x$fpl$fdiv)
    _fdiv                                    0x08009f19   Thumb Code   384  fdiv.o(x$fpl$fdiv)
    __aeabi_i2f                              0x0800a09d   Thumb Code     0  fflt_clz.o(x$fpl$fflt)
    _fflt                                    0x0800a09d   Thumb Code    48  fflt_clz.o(x$fpl$fflt)
    __fpl_fnaninf                            0x0800a0cd   Thumb Code   140  fnaninf.o(x$fpl$fnaninf)
    __fpl_fretinf                            0x0800a159   Thumb Code    10  fretinf.o(x$fpl$fretinf)
    __ieee_status                            0x0800a163   Thumb Code     6  istatus.o(x$fpl$ieeestatus)
    _printf_fp_dec                           0x0800a169   Thumb Code     4  printf1.o(x$fpl$printf1)
    __fpl_return_NaN                         0x0800a16d   Thumb Code   100  retnan.o(x$fpl$retnan)
    __ARM_scalbn                             0x0800a1d1   Thumb Code    92  scalbn.o(x$fpl$scalbn)
    _scanf_real                              0x0800a22d   Thumb Code     4  scanf1.o(x$fpl$scanf1)
    _scanf_hex_real                          0x0800a231   Thumb Code     4  scanf2.o(x$fpl$scanf2)
    _scanf_infnan                            0x0800a235   Thumb Code     4  scanf2.o(x$fpl$scanf2)
    __fpl_cmpreturn                          0x0800a239   Thumb Code    48  trapv.o(x$fpl$trapveneer)
    __I$use$fp                               0x0800a268   Number         0  usenofp.o(x$fpl$usenofp)
    AHBPrescTable                            0x0800a65e   Data          16  system_stm32f1xx.o(.constdata)
    APBPrescTable                            0x0800a66e   Data           8  system_stm32f1xx.o(.constdata)
    __mathlib_zero                           0x0800a930   Data           8  qnan.o(.constdata)
    Region$$Table$$Base                      0x0800abb0   Number         0  anon$$obj.o(Region$$Table)
    Region$$Table$$Limit                     0x0800abd0   Number         0  anon$$obj.o(Region$$Table)
    __aeabi_HUGE_VAL                         0x0800abd0   Data           0  fpconst.o(c$$dinf)
    __aeabi_HUGE_VALL                        0x0800abd0   Data           0  fpconst.o(c$$dinf)
    __aeabi_INFINITY                         0x0800abd0   Data           0  fpconst.o(c$$dinf)
    __dInf                                   0x0800abd0   Data           0  fpconst.o(c$$dinf)
    __huge_val                               0x0800abd0   Data           0  fpconst.o(c$$dinf)
    __dbl_max                                0x0800abd8   Data           0  fpconst.o(c$$dmax)
    __ctype                                  0x0800abed   Data           0  lc_ctype_c.o(locale$$data)
    lcdPort                                  0x20000000   Data           4  nokia5110lcd.o(.data)
    dispMode                                 0x20000004   Data           1  calculatorgp.o(.data)
    butValString                             0x20000005   Data           7  calculatorgp.o(.data)
    hostButtonCnt                            0x2000000c   Data           1  button.o(.data)
    buttonPressedType                        0x2000000d   Data           1  button.o(.data)
    m_but_state                              0x20000010   Data           4  button.o(.data)
    m_but_time                               0x20000014   Data           4  button.o(.data)
    state                                    0x20000018   Data           1  serialframe.o(.data)
    index                                    0x20000019   Data           1  serialframe.o(.data)
    hostButtonFrame                          0x2000001a   Data           6  serialframe.o(.data)
    buffer                                   0x20000020   Data           6  serialframe.o(.data)
    rxbuf                                    0x20000026   Data           1  main.o(.data)
    uwTickFreq                               0x20000028   Data           1  stm32f1xx_hal.o(.data)
    uwTickPrio                               0x2000002c   Data           4  stm32f1xx_hal.o(.data)
    uwTick                                   0x20000030   Data           4  stm32f1xx_hal.o(.data)
    SystemCoreClock                          0x20000034   Data           4  system_stm32f1xx.o(.data)
    displayMap                               0x20000038   Data         504  nokia5110lcd.o(.bss)
    calData                                  0x20000230   Data         219  calculatorgp.o(.bss)
    hspi2                                    0x2000030c   Data          88  spi.o(.bss)
    htim2                                    0x20000364   Data          72  tim.o(.bss)
    htim3                                    0x200003ac   Data          72  tim.o(.bss)
    huart1                                   0x200003f4   Data          72  usart.o(.bss)
    huart3                                   0x2000043c   Data          72  usart.o(.bss)
    __libspace_start                         0x20000484   Data          96  libspace.o(.bss)
    __temporary_stack_top$libspace           0x200004e4   Data           0  libspace.o(.bss)



==============================================================================

Memory Map of the image

  Image Entry point : 0x080000ed

  Load Region LR_IROM1 (Base: 0x08000000, Size: 0x0000ad44, Max: 0x00010000, ABSOLUTE)

    Execution Region ER_IROM1 (Exec base: 0x08000000, Load base: 0x08000000, Size: 0x0000ad0c, Max: 0x00010000, ABSOLUTE)

    Exec Addr    Load Addr    Size         Type   Attr      Idx    E Section Name        Object

    0x08000000   0x08000000   0x000000ec   Data   RO            3    RESET               startup_stm32f103xb.o
    0x080000ec   0x080000ec   0x00000008   Code   RO         3912  * !!!main             c_w.l(__main.o)
    0x080000f4   0x080000f4   0x00000034   Code   RO         4577    !!!scatter          c_w.l(__scatter.o)
    0x08000128   0x08000128   0x0000001a   Code   RO         4579    !!handler_copy      c_w.l(__scatter_copy.o)
    0x08000142   0x08000142   0x00000002   PAD
    0x08000144   0x08000144   0x0000001c   Code   RO         4581    !!handler_zi        c_w.l(__scatter_zi.o)
    0x08000160   0x08000160   0x00000000   Code   RO         3882    .ARM.Collect$$_printf_percent$$00000000  c_w.l(_printf_percent.o)
    0x08000160   0x08000160   0x00000006   Code   RO         3881    .ARM.Collect$$_printf_percent$$00000003  c_w.l(_printf_f.o)
    0x08000166   0x08000166   0x00000004   Code   RO         4171    .ARM.Collect$$_printf_percent$$00000017  c_w.l(_printf_percent_end.o)
    0x0800016a   0x0800016a   0x00000002   Code   RO         4448    .ARM.Collect$$libinit$$00000000  c_w.l(libinit.o)
    0x0800016c   0x0800016c   0x00000000   Code   RO         4188    .ARM.Collect$$libinit$$00000002  c_w.l(libinit2.o)
    0x0800016c   0x0800016c   0x00000000   Code   RO         4190    .ARM.Collect$$libinit$$00000004  c_w.l(libinit2.o)
    0x0800016c   0x0800016c   0x00000008   Code   RO         4191    .ARM.Collect$$libinit$$00000005  c_w.l(libinit2.o)
    0x08000174   0x08000174   0x00000000   Code   RO         4193    .ARM.Collect$$libinit$$0000000A  c_w.l(libinit2.o)
    0x08000174   0x08000174   0x00000000   Code   RO         4195    .ARM.Collect$$libinit$$0000000C  c_w.l(libinit2.o)
    0x08000174   0x08000174   0x00000000   Code   RO         4197    .ARM.Collect$$libinit$$0000000E  c_w.l(libinit2.o)
    0x08000174   0x08000174   0x00000006   Code   RO         4198    .ARM.Collect$$libinit$$0000000F  c_w.l(libinit2.o)
    0x0800017a   0x0800017a   0x00000000   Code   RO         4200    .ARM.Collect$$libinit$$00000011  c_w.l(libinit2.o)
    0x0800017a   0x0800017a   0x0000000c   Code   RO         4201    .ARM.Collect$$libinit$$00000012  c_w.l(libinit2.o)
    0x08000186   0x08000186   0x00000000   Code   RO         4202    .ARM.Collect$$libinit$$00000013  c_w.l(libinit2.o)
    0x08000186   0x08000186   0x00000000   Code   RO         4204    .ARM.Collect$$libinit$$00000015  c_w.l(libinit2.o)
    0x08000186   0x08000186   0x0000000a   Code   RO         4205    .ARM.Collect$$libinit$$00000016  c_w.l(libinit2.o)
    0x08000190   0x08000190   0x00000000   Code   RO         4206    .ARM.Collect$$libinit$$00000017  c_w.l(libinit2.o)
    0x08000190   0x08000190   0x00000000   Code   RO         4208    .ARM.Collect$$libinit$$00000019  c_w.l(libinit2.o)
    0x08000190   0x08000190   0x00000000   Code   RO         4210    .ARM.Collect$$libinit$$0000001B  c_w.l(libinit2.o)
    0x08000190   0x08000190   0x00000000   Code   RO         4212    .ARM.Collect$$libinit$$0000001D  c_w.l(libinit2.o)
    0x08000190   0x08000190   0x00000000   Code   RO         4214    .ARM.Collect$$libinit$$0000001F  c_w.l(libinit2.o)
    0x08000190   0x08000190   0x00000000   Code   RO         4216    .ARM.Collect$$libinit$$00000021  c_w.l(libinit2.o)
    0x08000190   0x08000190   0x00000000   Code   RO         4218    .ARM.Collect$$libinit$$00000023  c_w.l(libinit2.o)
    0x08000190   0x08000190   0x00000000   Code   RO         4220    .ARM.Collect$$libinit$$00000025  c_w.l(libinit2.o)
    0x08000190   0x08000190   0x00000000   Code   RO         4224    .ARM.Collect$$libinit$$0000002C  c_w.l(libinit2.o)
    0x08000190   0x08000190   0x00000000   Code   RO         4226    .ARM.Collect$$libinit$$0000002E  c_w.l(libinit2.o)
    0x08000190   0x08000190   0x00000000   Code   RO         4228    .ARM.Collect$$libinit$$00000030  c_w.l(libinit2.o)
    0x08000190   0x08000190   0x00000000   Code   RO         4230    .ARM.Collect$$libinit$$00000032  c_w.l(libinit2.o)
    0x08000190   0x08000190   0x00000002   Code   RO         4231    .ARM.Collect$$libinit$$00000033  c_w.l(libinit2.o)
    0x08000192   0x08000192   0x00000002   Code   RO         4562    .ARM.Collect$$libshutdown$$00000000  c_w.l(libshutdown.o)
    0x08000194   0x08000194   0x00000000   Code   RO         4450    .ARM.Collect$$libshutdown$$00000002  c_w.l(libshutdown2.o)
    0x08000194   0x08000194   0x00000000   Code   RO         4452    .ARM.Collect$$libshutdown$$00000004  c_w.l(libshutdown2.o)
    0x08000194   0x08000194   0x00000000   Code   RO         4455    .ARM.Collect$$libshutdown$$00000007  c_w.l(libshutdown2.o)
    0x08000194   0x08000194   0x00000000   Code   RO         4458    .ARM.Collect$$libshutdown$$0000000A  c_w.l(libshutdown2.o)
    0x08000194   0x08000194   0x00000000   Code   RO         4460    .ARM.Collect$$libshutdown$$0000000C  c_w.l(libshutdown2.o)
    0x08000194   0x08000194   0x00000000   Code   RO         4463    .ARM.Collect$$libshutdown$$0000000F  c_w.l(libshutdown2.o)
    0x08000194   0x08000194   0x00000002   Code   RO         4464    .ARM.Collect$$libshutdown$$00000010  c_w.l(libshutdown2.o)
    0x08000196   0x08000196   0x00000000   Code   RO         4126    .ARM.Collect$$rtentry$$00000000  c_w.l(__rtentry.o)
    0x08000196   0x08000196   0x00000000   Code   RO         4302    .ARM.Collect$$rtentry$$00000002  c_w.l(__rtentry2.o)
    0x08000196   0x08000196   0x00000006   Code   RO         4314    .ARM.Collect$$rtentry$$00000004  c_w.l(__rtentry4.o)
    0x0800019c   0x0800019c   0x00000000   Code   RO         4304    .ARM.Collect$$rtentry$$00000009  c_w.l(__rtentry2.o)
    0x0800019c   0x0800019c   0x00000004   Code   RO         4305    .ARM.Collect$$rtentry$$0000000A  c_w.l(__rtentry2.o)
    0x080001a0   0x080001a0   0x00000000   Code   RO         4307    .ARM.Collect$$rtentry$$0000000C  c_w.l(__rtentry2.o)
    0x080001a0   0x080001a0   0x00000008   Code   RO         4308    .ARM.Collect$$rtentry$$0000000D  c_w.l(__rtentry2.o)
    0x080001a8   0x080001a8   0x00000002   Code   RO         4471    .ARM.Collect$$rtexit$$00000000  c_w.l(rtexit.o)
    0x080001aa   0x080001aa   0x00000000   Code   RO         4516    .ARM.Collect$$rtexit$$00000002  c_w.l(rtexit2.o)
    0x080001aa   0x080001aa   0x00000004   Code   RO         4517    .ARM.Collect$$rtexit$$00000003  c_w.l(rtexit2.o)
    0x080001ae   0x080001ae   0x00000006   Code   RO         4518    .ARM.Collect$$rtexit$$00000004  c_w.l(rtexit2.o)
    0x080001b4   0x080001b4   0x00000000   Code   RO         4323    .emb_text           c_w.l(maybetermalloc1.o)
    0x080001b4   0x080001b4   0x00000040   Code   RO            4    .text               startup_stm32f103xb.o
    0x080001f4   0x080001f4   0x00000010   Code   RO         3755    .text               c_w.l(rt_ctype_table.o)
    0x08000204   0x08000204   0x0000005e   Code   RO         3761    .text               c_w.l(h1_alloc.o)
    0x08000262   0x08000262   0x0000004e   Code   RO         3763    .text               c_w.l(h1_free.o)
    0x080002b0   0x080002b0   0x00000028   Code   RO         3827    .text               c_w.l(noretval__2sprintf.o)
    0x080002d8   0x080002d8   0x0000010e   Code   RO         3866    .text               c_w.l(__printf_wp.o)
    0x080003e6   0x080003e6   0x00000048   Code   RO         3890    .text               c_w.l(strcpy.o)
    0x0800042e   0x0800042e   0x0000003e   Code   RO         3892    .text               c_w.l(strlen.o)
    0x0800046c   0x0800046c   0x00000096   Code   RO         3894    .text               c_w.l(strncmp.o)
    0x08000502   0x08000502   0x00000018   Code   RO         3896    .text               c_w.l(strcat.o)
    0x0800051a   0x0800051a   0x00000064   Code   RO         3902    .text               c_w.l(rt_memcpy_w.o)
    0x0800057e   0x0800057e   0x00000044   Code   RO         3904    .text               c_w.l(rt_memclr.o)
    0x080005c2   0x080005c2   0x0000004e   Code   RO         3906    .text               c_w.l(rt_memclr_w.o)
    0x08000610   0x08000610   0x00000056   Code   RO         3908    .text               c_w.l(strncpy.o)
    0x08000666   0x08000666   0x00000006   Code   RO         3910    .text               c_w.l(heapauxi.o)
    0x0800066c   0x0800066c   0x00000008   Code   RO         4130    .text               c_w.l(rt_heap_descriptor_intlibspace.o)
    0x08000674   0x08000674   0x00000008   Code   RO         4135    .text               c_w.l(rt_locale_intlibspace.o)
    0x0800067c   0x0800067c   0x00000004   Code   RO         4137    .text               c_w.l(hguard.o)
    0x08000680   0x08000680   0x0000008a   Code   RO         4139    .text               c_w.l(init_alloc.o)
    0x0800070a   0x0800070a   0x0000000e   Code   RO         4143    .text               c_w.l(h1_init.o)
    0x08000718   0x08000718   0x00000016   Code   RO         4157    .text               c_w.l(_rserrno.o)
    0x0800072e   0x0800072e   0x0000041e   Code   RO         4161    .text               c_w.l(_printf_fp_dec.o)
    0x08000b4c   0x08000b4c   0x00000030   Code   RO         4163    .text               c_w.l(_printf_char_common.o)
    0x08000b7c   0x08000b7c   0x0000000a   Code   RO         4165    .text               c_w.l(_sputc.o)
    0x08000b86   0x08000b86   0x00000002   PAD
    0x08000b88   0x08000b88   0x000000a4   Code   RO         4172    .text               c_w.l(strtod.o)
    0x08000c2c   0x08000c2c   0x00000008   Code   RO         4298    .text               c_w.l(libspace.o)
    0x08000c34   0x08000c34   0x00000008   Code   RO         4319    .text               c_w.l(rt_errno_addr_intlibspace.o)
    0x08000c3c   0x08000c3c   0x00000034   Code   RO         4325    .text               c_w.l(h1_extend.o)
    0x08000c70   0x08000c70   0x0000008a   Code   RO         4329    .text               c_w.l(lludiv10.o)
    0x08000cfa   0x08000cfa   0x00000012   Code   RO         4331    .text               c_w.l(isspace.o)
    0x08000d0c   0x08000d0c   0x00000080   Code   RO         4333    .text               c_w.l(_printf_fp_infnan.o)
    0x08000d8c   0x08000d8c   0x00000040   Code   RO         4337    .text               c_w.l(_sgetc.o)
    0x08000dcc   0x08000dcc   0x000000e4   Code   RO         4339    .text               c_w.l(bigflt0.o)
    0x08000eb0   0x08000eb0   0x0000000e   Code   RO         4381    .text               c_w.l(defsig_rtmem_outer.o)
    0x08000ebe   0x08000ebe   0x00000002   PAD
    0x08000ec0   0x08000ec0   0x00000080   Code   RO         4385    .text               c_w.l(strcmpv7m.o)
    0x08000f40   0x08000f40   0x00000002   Code   RO         4405    .text               c_w.l(use_no_semi.o)
    0x08000f42   0x08000f42   0x00000000   Code   RO         4407    .text               c_w.l(indicate_semi.o)
    0x08000f42   0x08000f42   0x0000004a   Code   RO         4408    .text               c_w.l(sys_stackheap_outer.o)
    0x08000f8c   0x08000f8c   0x000004f8   Code   RO         4414    .text               c_w.l(scanf_fp.o)
    0x08001484   0x08001484   0x00000012   Code   RO         4429    .text               c_w.l(exit.o)
    0x08001496   0x08001496   0x0000000a   Code   RO         4431    .text               c_w.l(defsig_exit.o)
    0x080014a0   0x080014a0   0x00000050   Code   RO         4437    .text               c_w.l(defsig_rtmem_inner.o)
    0x080014f0   0x080014f0   0x0000000c   Code   RO         4469    .text               c_w.l(sys_exit.o)
    0x080014fc   0x080014fc   0x00000032   Code   RO         4489    .text               c_w.l(defsig_general.o)
    0x0800152e   0x0800152e   0x0000000e   Code   RO         4513    .text               c_w.l(sys_wrch.o)
    0x0800153c   0x0800153c   0x00000320   Code   RO         4522    .text               c_w.l(scanf_hexfp.o)
    0x0800185c   0x0800185c   0x00000134   Code   RO         4524    .text               c_w.l(scanf_infnan.o)
    0x08001990   0x08001990   0x00000026   Code   RO         4542    .text               c_w.l(llshl.o)
    0x080019b6   0x080019b6   0x0000001c   Code   RO         4544    .text               c_w.l(_chval.o)
    0x080019d2   0x080019d2   0x0000003e   Code   RO         4342    CL$$btod_d2e        c_w.l(btod.o)
    0x08001a10   0x08001a10   0x00000046   Code   RO         4344    CL$$btod_d2e_denorm_low  c_w.l(btod.o)
    0x08001a56   0x08001a56   0x00000060   Code   RO         4343    CL$$btod_d2e_norm_op1  c_w.l(btod.o)
    0x08001ab6   0x08001ab6   0x00000338   Code   RO         4352    CL$$btod_div_common  c_w.l(btod.o)
    0x08001dee   0x08001dee   0x00000002   PAD
    0x08001df0   0x08001df0   0x00000084   Code   RO         4350    CL$$btod_e2d        c_w.l(btod.o)
    0x08001e74   0x08001e74   0x000000dc   Code   RO         4349    CL$$btod_e2e        c_w.l(btod.o)
    0x08001f50   0x08001f50   0x0000002a   Code   RO         4346    CL$$btod_ediv       c_w.l(btod.o)
    0x08001f7a   0x08001f7a   0x0000002a   Code   RO         4348    CL$$btod_edivd      c_w.l(btod.o)
    0x08001fa4   0x08001fa4   0x0000002a   Code   RO         4345    CL$$btod_emul       c_w.l(btod.o)
    0x08001fce   0x08001fce   0x0000002a   Code   RO         4347    CL$$btod_emuld      c_w.l(btod.o)
    0x08001ff8   0x08001ff8   0x00000244   Code   RO         4351    CL$$btod_mult_common  c_w.l(btod.o)
    0x0800223c   0x0800223c   0x00000002   Code   RO          882    i.BusFault_Handler  stm32f1xx_it.o
    0x0800223e   0x0800223e   0x00000002   Code   RO          883    i.DebugMon_Handler  stm32f1xx_it.o
    0x08002240   0x08002240   0x00000004   Code   RO          669    i.Error_Handler     main.o
    0x08002244   0x08002244   0x00000046   Code   RO         1786    i.HAL_DMA_Abort     stm32f1xx_hal_dma.o
    0x0800228a   0x0800228a   0x00000002   PAD
    0x0800228c   0x0800228c   0x00000098   Code   RO         1787    i.HAL_DMA_Abort_IT  stm32f1xx_hal_dma.o
    0x08002324   0x08002324   0x00000024   Code   RO         1412    i.HAL_Delay         stm32f1xx_hal.o
    0x08002348   0x08002348   0x000001e0   Code   RO         1722    i.HAL_GPIO_Init     stm32f1xx_hal_gpio.o
    0x08002528   0x08002528   0x0000000a   Code   RO         1724    i.HAL_GPIO_ReadPin  stm32f1xx_hal_gpio.o
    0x08002532   0x08002532   0x00000010   Code   RO         1725    i.HAL_GPIO_TogglePin  stm32f1xx_hal_gpio.o
    0x08002542   0x08002542   0x0000000a   Code   RO         1726    i.HAL_GPIO_WritePin  stm32f1xx_hal_gpio.o
    0x0800254c   0x0800254c   0x0000000c   Code   RO         1416    i.HAL_GetTick       stm32f1xx_hal.o
    0x08002558   0x08002558   0x00000010   Code   RO         1422    i.HAL_IncTick       stm32f1xx_hal.o
    0x08002568   0x08002568   0x00000024   Code   RO         1423    i.HAL_Init          stm32f1xx_hal.o
    0x0800258c   0x0800258c   0x00000040   Code   RO         1424    i.HAL_InitTick      stm32f1xx_hal.o
    0x080025cc   0x080025cc   0x0000003c   Code   RO          981    i.HAL_MspInit       stm32f1xx_hal_msp.o
    0x08002608   0x08002608   0x0000001a   Code   RO         1882    i.HAL_NVIC_EnableIRQ  stm32f1xx_hal_cortex.o
    0x08002622   0x08002622   0x00000002   PAD
    0x08002624   0x08002624   0x00000040   Code   RO         1888    i.HAL_NVIC_SetPriority  stm32f1xx_hal_cortex.o
    0x08002664   0x08002664   0x00000024   Code   RO         1889    i.HAL_NVIC_SetPriorityGrouping  stm32f1xx_hal_cortex.o
    0x08002688   0x08002688   0x0000012c   Code   RO         1580    i.HAL_RCC_ClockConfig  stm32f1xx_hal_rcc.o
    0x080027b4   0x080027b4   0x00000020   Code   RO         1587    i.HAL_RCC_GetPCLK1Freq  stm32f1xx_hal_rcc.o
    0x080027d4   0x080027d4   0x00000020   Code   RO         1588    i.HAL_RCC_GetPCLK2Freq  stm32f1xx_hal_rcc.o
    0x080027f4   0x080027f4   0x0000004c   Code   RO         1589    i.HAL_RCC_GetSysClockFreq  stm32f1xx_hal_rcc.o
    0x08002840   0x08002840   0x00000320   Code   RO         1592    i.HAL_RCC_OscConfig  stm32f1xx_hal_rcc.o
    0x08002b60   0x08002b60   0x000000b2   Code   RO         1094    i.HAL_SPI_Init      stm32f1xx_hal_spi.o
    0x08002c12   0x08002c12   0x00000002   PAD
    0x08002c14   0x08002c14   0x00000074   Code   RO          745    i.HAL_SPI_MspInit   spi.o
    0x08002c88   0x08002c88   0x0000016e   Code   RO         1102    i.HAL_SPI_Transmit  stm32f1xx_hal_spi.o
    0x08002df6   0x08002df6   0x00000028   Code   RO         1893    i.HAL_SYSTICK_Config  stm32f1xx_hal_cortex.o
    0x08002e1e   0x08002e1e   0x00000002   Code   RO         3088    i.HAL_TIMEx_BreakCallback  stm32f1xx_hal_tim_ex.o
    0x08002e20   0x08002e20   0x00000002   Code   RO         3089    i.HAL_TIMEx_CommutCallback  stm32f1xx_hal_tim_ex.o
    0x08002e22   0x08002e22   0x00000002   PAD
    0x08002e24   0x08002e24   0x00000068   Code   RO         3107    i.HAL_TIMEx_MasterConfigSynchronization  stm32f1xx_hal_tim_ex.o
    0x08002e8c   0x08002e8c   0x0000005a   Code   RO         2384    i.HAL_TIM_Base_Init  stm32f1xx_hal_tim.o
    0x08002ee6   0x08002ee6   0x00000002   PAD
    0x08002ee8   0x08002ee8   0x00000060   Code   RO          787    i.HAL_TIM_Base_MspInit  tim.o
    0x08002f48   0x08002f48   0x00000058   Code   RO         2389    i.HAL_TIM_Base_Start_IT  stm32f1xx_hal_tim.o
    0x08002fa0   0x08002fa0   0x000000dc   Code   RO         2393    i.HAL_TIM_ConfigClockSource  stm32f1xx_hal_tim.o
    0x0800307c   0x0800307c   0x00000002   Code   RO         2418    i.HAL_TIM_IC_CaptureCallback  stm32f1xx_hal_tim.o
    0x0800307e   0x0800307e   0x00000166   Code   RO         2432    i.HAL_TIM_IRQHandler  stm32f1xx_hal_tim.o
    0x080031e4   0x080031e4   0x00000002   Code   RO         2435    i.HAL_TIM_OC_DelayElapsedCallback  stm32f1xx_hal_tim.o
    0x080031e6   0x080031e6   0x00000002   Code   RO         2462    i.HAL_TIM_PWM_PulseFinishedCallback  stm32f1xx_hal_tim.o
    0x080031e8   0x080031e8   0x0000004c   Code   RO          670    i.HAL_TIM_PeriodElapsedCallback  main.o
    0x08003234   0x08003234   0x00000002   Code   RO         2475    i.HAL_TIM_TriggerCallback  stm32f1xx_hal_tim.o
    0x08003236   0x08003236   0x00000002   Code   RO         3367    i.HAL_UARTEx_RxEventCallback  stm32f1xx_hal_uart.o
    0x08003238   0x08003238   0x00000002   Code   RO         3381    i.HAL_UART_ErrorCallback  stm32f1xx_hal_uart.o
    0x0800323a   0x0800323a   0x00000002   PAD
    0x0800323c   0x0800323c   0x0000026c   Code   RO         3384    i.HAL_UART_IRQHandler  stm32f1xx_hal_uart.o
    0x080034a8   0x080034a8   0x00000064   Code   RO         3385    i.HAL_UART_Init     stm32f1xx_hal_uart.o
    0x0800350c   0x0800350c   0x000000dc   Code   RO          835    i.HAL_UART_MspInit  usart.o
    0x080035e8   0x080035e8   0x0000001c   Code   RO         3390    i.HAL_UART_Receive_IT  stm32f1xx_hal_uart.o
    0x08003604   0x08003604   0x00000028   Code   RO          671    i.HAL_UART_RxCpltCallback  main.o
    0x0800362c   0x0800362c   0x0000009a   Code   RO         3393    i.HAL_UART_Transmit  stm32f1xx_hal_uart.o
    0x080036c6   0x080036c6   0x00000002   Code   RO         3396    i.HAL_UART_TxCpltCallback  stm32f1xx_hal_uart.o
    0x080036c8   0x080036c8   0x00000002   Code   RO          884    i.HardFault_Handler  stm32f1xx_it.o
    0x080036ca   0x080036ca   0x00000002   PAD
    0x080036cc   0x080036cc   0x00000054   Code   RO          307    i.InitCalculatorGP  calculatorgp.o
    0x08003720   0x08003720   0x00000044   Code   RO           13    i.LCDWrite          nokia5110lcd.o
    0x08003764   0x08003764   0x000000dc   Code   RO          720    i.MX_GPIO_Init      gpio.o
    0x08003840   0x08003840   0x00000044   Code   RO          746    i.MX_SPI2_Init      spi.o
    0x08003884   0x08003884   0x00000068   Code   RO          788    i.MX_TIM2_Init      tim.o
    0x080038ec   0x080038ec   0x00000068   Code   RO          789    i.MX_TIM3_Init      tim.o
    0x08003954   0x08003954   0x00000038   Code   RO          836    i.MX_USART1_UART_Init  usart.o
    0x0800398c   0x0800398c   0x00000038   Code   RO          837    i.MX_USART3_UART_Init  usart.o
    0x080039c4   0x080039c4   0x00000002   Code   RO          885    i.MemManage_Handler  stm32f1xx_it.o
    0x080039c6   0x080039c6   0x00000002   Code   RO          886    i.NMI_Handler       stm32f1xx_it.o
    0x080039c8   0x080039c8   0x00000002   Code   RO          887    i.PendSV_Handler    stm32f1xx_it.o
    0x080039ca   0x080039ca   0x00000020   Code   RO         1132    i.SPI_EndRxTxTransaction  stm32f1xx_hal_spi.o
    0x080039ea   0x080039ea   0x00000002   PAD
    0x080039ec   0x080039ec   0x000000b8   Code   RO         1137    i.SPI_WaitFlagStateUntilTimeout  stm32f1xx_hal_spi.o
    0x08003aa4   0x08003aa4   0x00000002   Code   RO          888    i.SVC_Handler       stm32f1xx_it.o
    0x08003aa6   0x08003aa6   0x00000004   Code   RO          889    i.SysTick_Handler   stm32f1xx_it.o
    0x08003aaa   0x08003aaa   0x0000005e   Code   RO          672    i.SystemClock_Config  main.o
    0x08003b08   0x08003b08   0x00000002   Code   RO         3719    i.SystemInit        system_stm32f1xx.o
    0x08003b0a   0x08003b0a   0x00000002   PAD
    0x08003b0c   0x08003b0c   0x0000000c   Code   RO          890    i.TIM2_IRQHandler   stm32f1xx_it.o
    0x08003b18   0x08003b18   0x0000000c   Code   RO          891    i.TIM3_IRQHandler   stm32f1xx_it.o
    0x08003b24   0x08003b24   0x0000006c   Code   RO         2477    i.TIM_Base_SetConfig  stm32f1xx_hal_tim.o
    0x08003b90   0x08003b90   0x00000014   Code   RO         2488    i.TIM_ETR_SetConfig  stm32f1xx_hal_tim.o
    0x08003ba4   0x08003ba4   0x00000010   Code   RO         2489    i.TIM_ITRx_SetConfig  stm32f1xx_hal_tim.o
    0x08003bb4   0x08003bb4   0x00000022   Code   RO         2495    i.TIM_TI1_ConfigInputStage  stm32f1xx_hal_tim.o
    0x08003bd6   0x08003bd6   0x00000024   Code   RO         2497    i.TIM_TI2_ConfigInputStage  stm32f1xx_hal_tim.o
    0x08003bfa   0x08003bfa   0x00000010   Code   RO         3398    i.UART_DMAAbortOnError  stm32f1xx_hal_uart.o
    0x08003c0a   0x08003c0a   0x0000004e   Code   RO         3408    i.UART_EndRxTransfer  stm32f1xx_hal_uart.o
    0x08003c58   0x08003c58   0x000000c2   Code   RO         3410    i.UART_Receive_IT   stm32f1xx_hal_uart.o
    0x08003d1a   0x08003d1a   0x00000002   PAD
    0x08003d1c   0x08003d1c   0x000000b8   Code   RO         3411    i.UART_SetConfig    stm32f1xx_hal_uart.o
    0x08003dd4   0x08003dd4   0x00000036   Code   RO         3413    i.UART_Start_Receive_IT  stm32f1xx_hal_uart.o
    0x08003e0a   0x08003e0a   0x00000078   Code   RO         3414    i.UART_WaitOnFlagUntilTimeout  stm32f1xx_hal_uart.o
    0x08003e82   0x08003e82   0x00000002   PAD
    0x08003e84   0x08003e84   0x0000000c   Code   RO          892    i.USART1_IRQHandler  stm32f1xx_it.o
    0x08003e90   0x08003e90   0x0000000c   Code   RO          893    i.USART3_IRQHandler  stm32f1xx_it.o
    0x08003e9c   0x08003e9c   0x00000002   Code   RO          894    i.UsageFault_Handler  stm32f1xx_it.o
    0x08003e9e   0x08003e9e   0x00000028   Code   RO         4274    i.__ARM_fpclassify  m_ws.l(fpclassify.o)
    0x08003ec6   0x08003ec6   0x00000020   Code   RO         1895    i.__NVIC_SetPriority  stm32f1xx_hal_cortex.o
    0x08003ee6   0x08003ee6   0x00000002   PAD
    0x08003ee8   0x08003ee8   0x00000388   Code   RO         4279    i.__ieee754_rem_pio2  m_ws.l(rred.o)
    0x08004270   0x08004270   0x000000fc   Code   RO         4251    i.__kernel_cos      m_ws.l(cos_i.o)
    0x0800436c   0x0800436c   0x000000aa   Code   RO         4276    i.__kernel_poly     m_ws.l(poly.o)
    0x08004416   0x08004416   0x00000002   PAD
    0x08004418   0x08004418   0x000000ec   Code   RO         4284    i.__kernel_sin      m_ws.l(sin_i.o)
    0x08004504   0x08004504   0x0000027c   Code   RO         4290    i.__kernel_tan      m_ws.l(tan_i.o)
    0x08004780   0x08004780   0x00000010   Code   RO         4254    i.__mathlib_dbl_divzero  m_ws.l(dunder.o)
    0x08004790   0x08004790   0x00000006   Code   RO         4255    i.__mathlib_dbl_infnan  m_ws.l(dunder.o)
    0x08004796   0x08004796   0x00000004   Code   RO         4256    i.__mathlib_dbl_infnan2  m_ws.l(dunder.o)
    0x0800479a   0x0800479a   0x0000000c   Code   RO         4257    i.__mathlib_dbl_invalid  m_ws.l(dunder.o)
    0x080047a6   0x080047a6   0x0000000e   Code   RO         4258    i.__mathlib_dbl_overflow  m_ws.l(dunder.o)
    0x080047b4   0x080047b4   0x00000008   Code   RO         4259    i.__mathlib_dbl_posinfnan  m_ws.l(dunder.o)
    0x080047bc   0x080047bc   0x00000010   Code   RO         4260    i.__mathlib_dbl_underflow  m_ws.l(dunder.o)
    0x080047cc   0x080047cc   0x0000038c   Code   RO         4268    i.__mathlib_expm1   m_ws.l(expm1_i.o)
    0x08004b58   0x08004b58   0x00000010   Code   RO         4507    i.__mathlib_narrow  m_ws.l(narrow.o)
    0x08004b68   0x08004b68   0x000000bc   Code   RO         4508    i.__mathlib_tofloat  m_ws.l(narrow.o)
    0x08004c24   0x08004c24   0x00000016   Code   RO         4564    i.__support_ldexp   m_ws.l(ldexp.o)
    0x08004c3a   0x08004c3a   0x0000000e   Code   RO         3868    i._is_digit         c_w.l(__printf_wp.o)
    0x08004c48   0x08004c48   0x0000027c   Code   RO         3961    i.acos              m_ws.l(acos.o)
    0x08004ec4   0x08004ec4   0x00000004   Code   RO          481    i.add               tinyexpr.o
    0x08004ec8   0x08004ec8   0x00000270   Code   RO         3971    i.asin              m_ws.l(asin.o)
    0x08005138   0x08005138   0x00000220   Code   RO         3981    i.atan              m_ws.l(atan.o)
    0x08005358   0x08005358   0x00000180   Code   RO         3991    i.atan2             m_ws.l(atan2.o)
    0x080054d8   0x080054d8   0x0000016c   Code   RO          482    i.base              tinyexpr.o
    0x08005644   0x08005644   0x000000b4   Code   RO          309    i.but2str           calculatorgp.o
    0x080056f8   0x080056f8   0x0000016c   Code   RO         3999    i.cbrt              m_ws.l(cbrt.o)
    0x08005864   0x08005864   0x000000dc   Code   RO         4003    i.ceil              m_ws.l(ceil.o)
    0x08005940   0x08005940   0x000003e4   Code   RO          384    i.checkButton       button.o
    0x08005d24   0x08005d24   0x00000024   Code   RO           14    i.clearDisplay      nokia5110lcd.o
    0x08005d48   0x08005d48   0x00000006   Code   RO          483    i.comma             tinyexpr.o
    0x08005d4e   0x08005d4e   0x00000002   PAD
    0x08005d50   0x08005d50   0x0000009c   Code   RO         4007    i.cos               m_ws.l(cos.o)
    0x08005dec   0x08005dec   0x0000013c   Code   RO         4015    i.cosh              m_ws.l(cosh.o)
    0x08005f28   0x08005f28   0x00000004   Code   RO          484    i.divide            tinyexpr.o
    0x08005f2c   0x08005f2c   0x00000010   Code   RO          485    i.e                 tinyexpr.o
    0x08005f3c   0x08005f3c   0x00000128   Code   RO          486    i.equation_x        tinyexpr.o
    0x08006064   0x08006064   0x00000350   Code   RO          487    i.equation_xy       tinyexpr.o
    0x080063b4   0x080063b4   0x00000284   Code   RO         4025    i.exp               m_ws.l(exp.o)
    0x08006638   0x08006638   0x00000074   Code   RO          488    i.expr              tinyexpr.o
    0x080066ac   0x080066ac   0x00000006   Code   RO         4035    i.fabs              m_ws.l(fabs.o)
    0x080066b2   0x080066b2   0x00000002   PAD
    0x080066b4   0x080066b4   0x00000068   Code   RO          489    i.fac               tinyexpr.o
    0x0800671c   0x0800671c   0x00000068   Code   RO          490    i.factor            tinyexpr.o
    0x08006784   0x08006784   0x000000dc   Code   RO         4039    i.floor             m_ws.l(floor.o)
    0x08006860   0x08006860   0x00000094   Code   RO         4043    i.fmod              m_ws.l(fmod.o)
    0x080068f4   0x080068f4   0x00000058   Code   RO         4539    i.frexp             m_ws.l(frexp.o)
    0x0800694c   0x0800694c   0x00000020   Code   RO           16    i.gotoXY            nokia5110lcd.o
    0x0800696c   0x0800696c   0x0000001c   Code   RO          438    i.initHostButtonFrame  serialframe.o
    0x08006988   0x08006988   0x00000032   Code   RO          491    i.insert            tinyexpr.o
    0x080069ba   0x080069ba   0x00000002   PAD
    0x080069bc   0x080069bc   0x000000dc   Code   RO          310    i.insertCharToEqCursor  calculatorgp.o
    0x08006a98   0x08006a98   0x00000058   Code   RO           18    i.lcdBegin          nokia5110lcd.o
    0x08006af0   0x08006af0   0x00000074   Code   RO         4565    i.ldexp             m_ws.l(ldexp.o)
    0x08006b64   0x08006b64   0x0000005c   Code   RO          492    i.list              tinyexpr.o
    0x08006bc0   0x08006bc0   0x0000035c   Code   RO         4051    i.log               m_ws.l(log.o)
    0x08006f1c   0x08006f1c   0x000000e4   Code   RO         4061    i.log10             m_ws.l(log10.o)
    0x08007000   0x08007000   0x000000ec   Code   RO          673    i.main              main.o
    0x080070ec   0x080070ec   0x00000004   Code   RO          493    i.mul               tinyexpr.o
    0x080070f0   0x080070f0   0x000000b8   Code   RO          494    i.ncr               tinyexpr.o
    0x080071a8   0x080071a8   0x00000006   Code   RO          495    i.negate            tinyexpr.o
    0x080071ae   0x080071ae   0x00000056   Code   RO          496    i.new_expr          tinyexpr.o
    0x08007204   0x08007204   0x000001d4   Code   RO          497    i.next_token        tinyexpr.o
    0x080073d8   0x080073d8   0x00000030   Code   RO          498    i.npr               tinyexpr.o
    0x08007408   0x08007408   0x00000152   Code   RO          311    i.openingVideo      calculatorgp.o
    0x0800755a   0x0800755a   0x00000066   Code   RO          499    i.optimize          tinyexpr.o
    0x080075c0   0x080075c0   0x00000010   Code   RO          500    i.pi                tinyexpr.o
    0x080075d0   0x080075d0   0x000009d8   Code   RO         4069    i.pow               m_ws.l(pow.o)
    0x08007fa8   0x08007fa8   0x00000068   Code   RO          502    i.power             tinyexpr.o
    0x08008010   0x08008010   0x00000064   Code   RO           21    i.setChar           nokia5110lcd.o
    0x08008074   0x08008074   0x00000094   Code   RO           24    i.setLine           nokia5110lcd.o
    0x08008108   0x08008108   0x00000044   Code   RO           25    i.setPixel          nokia5110lcd.o
    0x0800814c   0x0800814c   0x00000078   Code   RO           26    i.setRect           nokia5110lcd.o
    0x080081c4   0x080081c4   0x00000058   Code   RO           27    i.setStr            nokia5110lcd.o
    0x0800821c   0x0800821c   0x00000062   Code   RO           28    i.setStrWithL       nokia5110lcd.o
    0x0800827e   0x0800827e   0x00000002   PAD
    0x08008280   0x08008280   0x000000b0   Code   RO         1006    i.showMenu          menu.o
    0x08008330   0x08008330   0x000000a0   Code   RO         4079    i.sin               m_ws.l(sin.o)
    0x080083d0   0x080083d0   0x00000168   Code   RO         4087    i.sinh              m_ws.l(sinh.o)
    0x08008538   0x08008538   0x0000004c   Code   RO         4097    i.sqrt              m_ws.l(sqrt.o)
    0x08008584   0x08008584   0x000000b8   Code   RO          439    i.stm32GetOneByte   serialframe.o
    0x0800863c   0x0800863c   0x0000001c   Code   RO         4105    i.strtod            m_ws.l(strtod.o)
    0x08008658   0x08008658   0x00000004   Code   RO          504    i.sub               tinyexpr.o
    0x0800865c   0x0800865c   0x00000064   Code   RO         4109    i.tan               m_ws.l(tan.o)
    0x080086c0   0x080086c0   0x000000d4   Code   RO         4117    i.tanh              m_ws.l(tanh.o)
    0x08008794   0x08008794   0x00000058   Code   RO          505    i.te_compile        tinyexpr.o
    0x080087ec   0x080087ec   0x000003b4   Code   RO          506    i.te_eval           tinyexpr.o
    0x08008ba0   0x08008ba0   0x00000016   Code   RO          507    i.te_free           tinyexpr.o
    0x08008bb6   0x08008bb6   0x00000056   Code   RO          508    i.te_free_parameters  tinyexpr.o
    0x08008c0c   0x08008c0c   0x00000030   Code   RO          509    i.te_interp         tinyexpr.o
    0x08008c3c   0x08008c3c   0x00000078   Code   RO          511    i.term              tinyexpr.o
    0x08008cb4   0x08008cb4   0x0000000c   Code   RO          312    i.updateButtonState  calculatorgp.o
    0x08008cc0   0x08008cc0   0x000000a8   Code   RO          313    i.updateCalDisplayMap  calculatorgp.o
    0x08008d68   0x08008d68   0x00000028   Code   RO           29    i.updateDisplay     nokia5110lcd.o
    0x08008d90   0x08008d90   0x000002dc   Code   RO          314    i.updateEquationString  calculatorgp.o
    0x0800906c   0x0800906c   0x0000002c   Code   RO         4181    locale$$code        c_w.l(lc_ctype_c.o)
    0x08009098   0x08009098   0x0000002c   Code   RO         4379    locale$$code        c_w.l(lc_numeric_c.o)
    0x080090c4   0x080090c4   0x00000062   Code   RO         3914    x$fpl$d2f           fz_ws.l(d2f.o)
    0x08009126   0x08009126   0x00000002   PAD
    0x08009128   0x08009128   0x00000150   Code   RO         3916    x$fpl$dadd          fz_ws.l(daddsub_clz.o)
    0x08009278   0x08009278   0x00000010   Code   RO         4392    x$fpl$dcheck1       fz_ws.l(dcheck1.o)
    0x08009288   0x08009288   0x00000018   Code   RO         4232    x$fpl$dcmpinf       fz_ws.l(dcmpi.o)
    0x080092a0   0x080092a0   0x000002b0   Code   RO         3923    x$fpl$ddiv          fz_ws.l(ddiv.o)
    0x08009550   0x08009550   0x00000078   Code   RO         4234    x$fpl$deqf          fz_ws.l(deqf.o)
    0x080095c8   0x080095c8   0x0000005e   Code   RO         3926    x$fpl$dfix          fz_ws.l(dfix.o)
    0x08009626   0x08009626   0x00000002   PAD
    0x08009628   0x08009628   0x0000005a   Code   RO         3930    x$fpl$dfixu         fz_ws.l(dfixu.o)
    0x08009682   0x08009682   0x0000002e   Code   RO         3935    x$fpl$dflt          fz_ws.l(dflt_clz.o)
    0x080096b0   0x080096b0   0x00000026   Code   RO         3934    x$fpl$dfltu         fz_ws.l(dflt_clz.o)
    0x080096d6   0x080096d6   0x00000002   PAD
    0x080096d8   0x080096d8   0x00000078   Code   RO         3940    x$fpl$dleqf         fz_ws.l(dleqf.o)
    0x08009750   0x08009750   0x00000154   Code   RO         3942    x$fpl$dmul          fz_ws.l(dmul.o)
    0x080098a4   0x080098a4   0x0000009c   Code   RO         4236    x$fpl$dnaninf       fz_ws.l(dnaninf.o)
    0x08009940   0x08009940   0x00000150   Code   RO         4238    x$fpl$drem          fz_ws.l(drem_clz.o)
    0x08009a90   0x08009a90   0x0000000c   Code   RO         4240    x$fpl$dretinf       fz_ws.l(dretinf.o)
    0x08009a9c   0x08009a9c   0x0000006c   Code   RO         3944    x$fpl$drleqf        fz_ws.l(drleqf.o)
    0x08009b08   0x08009b08   0x00000016   Code   RO         3917    x$fpl$drsb          fz_ws.l(daddsub_clz.o)
    0x08009b1e   0x08009b1e   0x00000002   PAD
    0x08009b20   0x08009b20   0x000001cc   Code   RO         4242    x$fpl$dsqrt         fz_ws.l(dsqrt_noumaal.o)
    0x08009cec   0x08009cec   0x000001d4   Code   RO         3918    x$fpl$dsub          fz_ws.l(daddsub_clz.o)
    0x08009ec0   0x08009ec0   0x00000056   Code   RO         3946    x$fpl$f2d           fz_ws.l(f2d.o)
    0x08009f16   0x08009f16   0x00000002   PAD
    0x08009f18   0x08009f18   0x00000184   Code   RO         3949    x$fpl$fdiv          fz_ws.l(fdiv.o)
    0x0800a09c   0x0800a09c   0x00000030   Code   RO         3953    x$fpl$fflt          fz_ws.l(fflt_clz.o)
    0x0800a0cc   0x0800a0cc   0x0000008c   Code   RO         4244    x$fpl$fnaninf       fz_ws.l(fnaninf.o)
    0x0800a158   0x0800a158   0x0000000a   Code   RO         4246    x$fpl$fretinf       fz_ws.l(fretinf.o)
    0x0800a162   0x0800a162   0x00000006   Code   RO         4396    x$fpl$ieeestatus    fz_ws.l(istatus.o)
    0x0800a168   0x0800a168   0x00000004   Code   RO         3958    x$fpl$printf1       fz_ws.l(printf1.o)
    0x0800a16c   0x0800a16c   0x00000064   Code   RO         4467    x$fpl$retnan        fz_ws.l(retnan.o)
    0x0800a1d0   0x0800a1d0   0x0000005c   Code   RO         4248    x$fpl$scalbn        fz_ws.l(scalbn.o)
    0x0800a22c   0x0800a22c   0x00000004   Code   RO         4398    x$fpl$scanf1        fz_ws.l(scanf1.o)
    0x0800a230   0x0800a230   0x00000008   Code   RO         4499    x$fpl$scanf2        fz_ws.l(scanf2.o)
    0x0800a238   0x0800a238   0x00000030   Code   RO         4505    x$fpl$trapveneer    fz_ws.l(trapv.o)
    0x0800a268   0x0800a268   0x00000000   Code   RO         4250    x$fpl$usenofp       fz_ws.l(usenofp.o)
    0x0800a268   0x0800a268   0x000001e0   Data   RO           37    .constdata          nokia5110lcd.o
    0x0800a448   0x0800a448   0x00000204   Data   RO          512    .constdata          tinyexpr.o
    0x0800a64c   0x0800a64c   0x00000012   Data   RO         1593    .constdata          stm32f1xx_hal_rcc.o
    0x0800a65e   0x0800a65e   0x00000010   Data   RO         3720    .constdata          system_stm32f1xx.o
    0x0800a66e   0x0800a66e   0x00000008   Data   RO         3721    .constdata          system_stm32f1xx.o
    0x0800a676   0x0800a676   0x00000002   PAD
    0x0800a678   0x0800a678   0x00000050   Data   RO         3962    .constdata          m_ws.l(acos.o)
    0x0800a6c8   0x0800a6c8   0x00000050   Data   RO         3972    .constdata          m_ws.l(asin.o)
    0x0800a718   0x0800a718   0x00000098   Data   RO         3982    .constdata          m_ws.l(atan.o)
    0x0800a7b0   0x0800a7b0   0x00000008   Data   RO         4016    .constdata          m_ws.l(cosh.o)
    0x0800a7b8   0x0800a7b8   0x00000058   Data   RO         4026    .constdata          m_ws.l(exp.o)
    0x0800a810   0x0800a810   0x00000038   Data   RO         4052    .constdata          m_ws.l(log.o)
    0x0800a848   0x0800a848   0x00000088   Data   RO         4070    .constdata          m_ws.l(pow.o)
    0x0800a8d0   0x0800a8d0   0x00000008   Data   RO         4088    .constdata          m_ws.l(sinh.o)
    0x0800a8d8   0x0800a8d8   0x00000030   Data   RO         4252    .constdata          m_ws.l(cos_i.o)
    0x0800a908   0x0800a908   0x00000028   Data   RO         4269    .constdata          m_ws.l(expm1_i.o)
    0x0800a930   0x0800a930   0x00000008   Data   RO         4278    .constdata          m_ws.l(qnan.o)
    0x0800a938   0x0800a938   0x000000c8   Data   RO         4281    .constdata          m_ws.l(rred.o)
    0x0800aa00   0x0800aa00   0x00000028   Data   RO         4285    .constdata          m_ws.l(sin_i.o)
    0x0800aa28   0x0800aa28   0x00000060   Data   RO         4291    .constdata          m_ws.l(tan_i.o)
    0x0800aa88   0x0800aa88   0x00000094   Data   RO         4340    .constdata          c_w.l(bigflt0.o)
    0x0800ab1c   0x0800ab1c   0x00000094   Data   RO          513    .conststring        tinyexpr.o
    0x0800abb0   0x0800abb0   0x00000020   Data   RO         4575    Region$$Table       anon$$obj.o
    0x0800abd0   0x0800abd0   0x00000008   Data   RO         4495    c$$dinf             fz_ws.l(fpconst.o)
    0x0800abd8   0x0800abd8   0x00000008   Data   RO         4498    c$$dmax             fz_ws.l(fpconst.o)
    0x0800abe0   0x0800abe0   0x00000110   Data   RO         4180    locale$$data        c_w.l(lc_ctype_c.o)
    0x0800acf0   0x0800acf0   0x0000001c   Data   RO         4378    locale$$data        c_w.l(lc_numeric_c.o)


    Execution Region RW_IRAM1 (Exec base: 0x20000000, Load base: 0x0800ad0c, Size: 0x00000ae8, Max: 0x00005000, ABSOLUTE)

    Exec Addr    Load Addr    Size         Type   Attr      Idx    E Section Name        Object

    0x20000000   0x0800ad0c   0x00000004   Data   RW           38    .data               nokia5110lcd.o
    0x20000004   0x0800ad10   0x00000008   Data   RW          316    .data               calculatorgp.o
    0x2000000c   0x0800ad18   0x00000001   Data   RW          386    .data               button.o
    0x2000000d   0x0800ad19   0x00000001   Data   RW          395    .data               button.o
    0x2000000e   0x0800ad1a   0x00000002   PAD
    0x20000010   0x0800ad1c   0x00000008   Data   RW          396    .data               button.o
    0x20000018   0x0800ad24   0x0000000e   Data   RW          445    .data               serialframe.o
    0x20000026   0x0800ad32   0x00000001   Data   RW          674    .data               main.o
    0x20000027   0x0800ad33   0x00000001   PAD
    0x20000028   0x0800ad34   0x0000000c   Data   RW         1430    .data               stm32f1xx_hal.o
    0x20000034   0x0800ad40   0x00000004   Data   RW         3722    .data               system_stm32f1xx.o
    0x20000038        -       0x000001f8   Zero   RW           30    .bss                nokia5110lcd.o
    0x20000230        -       0x000000db   Zero   RW          315    .bss                calculatorgp.o
    0x2000030b   0x0800ad44   0x00000001   PAD
    0x2000030c        -       0x00000058   Zero   RW          747    .bss                spi.o
    0x20000364        -       0x00000090   Zero   RW          790    .bss                tim.o
    0x200003f4        -       0x00000090   Zero   RW          838    .bss                usart.o
    0x20000484        -       0x00000060   Zero   RW         4299    .bss                c_w.l(libspace.o)
    0x200004e4   0x0800ad44   0x00000004   PAD
    0x200004e8        -       0x00000200   Zero   RW            2    HEAP                startup_stm32f103xb.o
    0x200006e8        -       0x00000400   Zero   RW            1    STACK               startup_stm32f103xb.o


==============================================================================

Image component sizes


      Code (inc. data)   RO Data    RW Data    ZI Data      Debug   Object Name

       996         12          0         10          0       2782   button.o
      1734        124          0          8        219       6696   calculatorgp.o
       220         16          0          0          0        951   gpio.o
       450         62          0          1          0       3246   main.o
       176         60          0          0          0        599   menu.o
       886         38        480          4        504     440945   nokia5110lcd.o
       212         24          0         14          0       2506   serialframe.o
       184         22          0          0         88       1589   spi.o
        64         26        236          0       1536        796   startup_stm32f103xb.o
       164         28          0         12          0       5773   stm32f1xx_hal.o
       198         14          0          0          0      28839   stm32f1xx_hal_cortex.o
       222          4          0          0          0       1723   stm32f1xx_hal_dma.o
       516         34          0          0          0       4052   stm32f1xx_hal_gpio.o
        60          8          0          0          0        838   stm32f1xx_hal_msp.o
      1240         84         18          0          0       5016   stm32f1xx_hal_rcc.o
       760          4          0          0          0       4298   stm32f1xx_hal_spi.o
       978         26          0          0          0       9533   stm32f1xx_hal_tim.o
       108         12          0          0          0       2337   stm32f1xx_hal_tim_ex.o
      1554         10          0          0          0      10664   stm32f1xx_hal_uart.o
        68         24          0          0          0       5390   stm32f1xx_it.o
         2          0         24          4          0       1071   system_stm32f1xx.o
       304         26          0          0        144       2275   tim.o
      4338        330        664          0          0      22579   tinyexpr.o
       332         38          0          0        144       2275   usart.o

    ----------------------------------------------------------------------
     15796       1026       1456         56       2636     566773   Object Totals
         0          0         32          0          0          0   (incl. Generated)
        30          0          2          3          1          0   (incl. Padding)

    ----------------------------------------------------------------------

      Code (inc. data)   RO Data    RW Data    ZI Data      Debug   Library Member Name

         8          0          0          0          0         68   __main.o
       284          0          0          0          0        156   __printf_wp.o
         0          0          0          0          0          0   __rtentry.o
        12          0          0          0          0          0   __rtentry2.o
         6          0          0          0          0          0   __rtentry4.o
        52          8          0          0          0          0   __scatter.o
        26          0          0          0          0          0   __scatter_copy.o
        28          0          0          0          0          0   __scatter_zi.o
        28          0          0          0          0         68   _chval.o
        48          6          0          0          0         96   _printf_char_common.o
         6          0          0          0          0          0   _printf_f.o
      1054          0          0          0          0        216   _printf_fp_dec.o
       128         16          0          0          0         84   _printf_fp_infnan.o
         0          0          0          0          0          0   _printf_percent.o
         4          0          0          0          0          0   _printf_percent_end.o
        22          0          0          0          0        100   _rserrno.o
        64          0          0          0          0         84   _sgetc.o
        10          0          0          0          0         68   _sputc.o
       228          4        148          0          0         96   bigflt0.o
      2152        136          0          0          0        960   btod.o
        10          0          0          0          0         68   defsig_exit.o
        50          0          0          0          0         88   defsig_general.o
        80         58          0          0          0         76   defsig_rtmem_inner.o
        14          0          0          0          0         80   defsig_rtmem_outer.o
        18          0          0          0          0         80   exit.o
        94          0          0          0          0         80   h1_alloc.o
        52          0          0          0          0         68   h1_extend.o
        78          0          0          0          0         80   h1_free.o
        14          0          0          0          0         84   h1_init.o
         6          0          0          0          0        152   heapauxi.o
         4          0          0          0          0        136   hguard.o
         0          0          0          0          0          0   indicate_semi.o
       138          0          0          0          0        168   init_alloc.o
        18          0          0          0          0         76   isspace.o
        44         10        272          0          0         76   lc_ctype_c.o
        44         10         28          0          0         76   lc_numeric_c.o
         2          0          0          0          0          0   libinit.o
        38          0          0          0          0          0   libinit2.o
         2          0          0          0          0          0   libshutdown.o
         2          0          0          0          0          0   libshutdown2.o
         8          4          0          0         96         68   libspace.o
        38          0          0          0          0         68   llshl.o
       138          0          0          0          0         80   lludiv10.o
         0          0          0          0          0          0   maybetermalloc1.o
        40          6          0          0          0         84   noretval__2sprintf.o
        16          4          0          0          0         76   rt_ctype_table.o
         8          4          0          0          0         68   rt_errno_addr_intlibspace.o
         8          4          0          0          0         68   rt_heap_descriptor_intlibspace.o
         8          4          0          0          0         68   rt_locale_intlibspace.o
        68          0          0          0          0         68   rt_memclr.o
        78          0          0          0          0         80   rt_memclr_w.o
       100          0          0          0          0         80   rt_memcpy_w.o
         2          0          0          0          0          0   rtexit.o
        10          0          0          0          0          0   rtexit2.o
      1272         16          0          0          0        168   scanf_fp.o
       800         14          0          0          0        100   scanf_hexfp.o
       308         16          0          0          0        100   scanf_infnan.o
        24          0          0          0          0         68   strcat.o
       128          0          0          0          0         68   strcmpv7m.o
        72          0          0          0          0         80   strcpy.o
        62          0          0          0          0         76   strlen.o
       150          0          0          0          0         80   strncmp.o
        86          0          0          0          0         76   strncpy.o
       164         14          0          0          0        120   strtod.o
        12          4          0          0          0         68   sys_exit.o
        74          0          0          0          0         80   sys_stackheap_outer.o
        14          0          0          0          0         76   sys_wrch.o
         2          0          0          0          0         68   use_no_semi.o
        98          4          0          0          0         92   d2f.o
       826         16          0          0          0        348   daddsub_clz.o
        16          4          0          0          0         68   dcheck1.o
        24          0          0          0          0         68   dcmpi.o
       688        140          0          0          0        208   ddiv.o
       120          4          0          0          0         92   deqf.o
        94          4          0          0          0         92   dfix.o
        90          4          0          0          0         92   dfixu.o
        84          0          0          0          0        136   dflt_clz.o
       120          4          0          0          0         92   dleqf.o
       340         12          0          0          0        104   dmul.o
       156          4          0          0          0         92   dnaninf.o
       336         12          0          0          0         88   drem_clz.o
        12          0          0          0          0         68   dretinf.o
       108          0          0          0          0         80   drleqf.o
       460         56          0          0          0        120   dsqrt_noumaal.o
        86          4          0          0          0         84   f2d.o
       388         76          0          0          0         96   fdiv.o
        48          0          0          0          0         68   fflt_clz.o
       140          4          0          0          0         84   fnaninf.o
         0          0         16          0          0          0   fpconst.o
        10          0          0          0          0         68   fretinf.o
         6          0          0          0          0         68   istatus.o
         4          0          0          0          0         68   printf1.o
       100          0          0          0          0         68   retnan.o
        92          0          0          0          0         68   scalbn.o
         4          0          0          0          0         68   scanf1.o
         8          0          0          0          0         84   scanf2.o
        48          0          0          0          0         68   trapv.o
         0          0          0          0          0          0   usenofp.o
       636         62         80          0          0        188   acos.o
       624         52         80          0          0        168   asin.o
       544         70        152          0          0        124   atan.o
       384         38          0          0          0        144   atan2.o
       364         64          0          0          0        120   cbrt.o
       220         16          0          0          0         84   ceil.o
       156          8          0          0          0        104   cos.o
       252         22         48          0          0        124   cos_i.o
       316         38          8          0          0        176   cosh.o
        76         10          0          0          0        476   dunder.o
       644         90         88          0          0        204   exp.o
       908         96         40          0          0        228   expm1_i.o
         6          0          0          0          0         68   fabs.o
       220         16          0          0          0         84   floor.o
       148          4          0          0          0         88   fmod.o
        40          0          0          0          0         68   fpclassify.o
        88          8          0          0          0         76   frexp.o
       138          0          0          0          0        160   ldexp.o
       860         52         56          0          0        256   log.o
       228         30          0          0          0        120   log10.o
       204          4          0          0          0        168   narrow.o
       170          0          0          0          0         96   poly.o
      2520        190        136          0          0        324   pow.o
         0          0          8          0          0          0   qnan.o
       904         76        200          0          0        140   rred.o
       160         10          0          0          0        108   sin.o
       236         12         40          0          0        128   sin_i.o
       360         42          8          0          0        184   sinh.o
        76          0          0          0          0         84   sqrt.o
        28          0          0          0          0         80   strtod.o
       100         10          0          0          0         96   tan.o
       636         50         96          0          0        168   tan_i.o
       212         14          0          0          0         96   tanh.o

    ----------------------------------------------------------------------
     25544       1772       1504          0        100      12884   Library Totals
        22          2          0          0          4          0   (incl. Padding)

    ----------------------------------------------------------------------

      Code (inc. data)   RO Data    RW Data    ZI Data      Debug   Library Name

      8558        338        448          0         96       5420   c_w.l
      4506        348         16          0          0       2732   fz_ws.l
     12458       1084       1040          0          0       4732   m_ws.l

    ----------------------------------------------------------------------
     25544       1772       1504          0        100      12884   Library Totals

    ----------------------------------------------------------------------

==============================================================================


      Code (inc. data)   RO Data    RW Data    ZI Data      Debug   

     41340       2798       2960         56       2736     566185   Grand Totals
     41340       2798       2960         56       2736     566185   ELF Image Totals
     41340       2798       2960         56          0          0   ROM Totals

==============================================================================

    Total RO  Size (Code + RO Data)                44300 (  43.26kB)
    Total RW  Size (RW Data + ZI Data)              2792 (   2.73kB)
    Total ROM Size (Code + RO Data + RW Data)      44356 (  43.32kB)

==============================================================================

