<html>
<body>
<pre>
<h1>µVision Build Log</h1>
<h2>Tool Versions:</h2>
IDE-Version: ¦ÌVision V5.26.2.0
Copyright (C) 2018 ARM Ltd and ARM Germany GmbH. All rights reserved.
License Information: 1 1, 1, LIC=ZB4EV-PVIG3-74XS0-B3DXQ-QV6YS-ER1Y5
 
Tool Versions:
Toolchain:       MDK-ARM Plus  Version: 5.26.2.0
Toolchain Path:  E:\Keil_v5\ARM\ARMCC\Bin
C Compiler:      Armcc.exe V5.06 update 6 (build 750)
Assembler:       Armasm.exe V5.06 update 6 (build 750)
Linker/Locator:  ArmLink.exe V5.06 update 6 (build 750)
Library Manager: ArmAr.exe V5.06 update 6 (build 750)
Hex Converter:   FromElf.exe V5.06 update 6 (build 750)
CPU DLL:         SARMCM3.DLL V5.26.2.0
Dialog DLL:      DCM.DLL V1.17.2.0
Target DLL:      STLink\ST-LINKIII-KEIL_SWO.dll V3.0.5.0
Dialog DLL:      TCM.DLL V1.36.1.0
 
<h2>Project:</h2>
D:\2023_Chips\Calculator\Calculator\MDK-ARM\Calculator.uvprojx
Project File Date:  12/25/2023

<h2>Output:</h2>
*** Using Compiler 'V5.06 update 6 (build 750)', folder: 'E:\Keil_v5\ARM\ARMCC\Bin'
Rebuild target 'Calculator'
assembling startup_stm32f103xb.s...
compiling tinyexpr.c...
../Core/Inc/tinyexpr.h(72): warning:  #14-D: extra text after expected end of preprocessing directive
  #endif /*TINYEXPR_H*/#pragma once
..\Core\Src\tinyexpr.c(294): warning:  #177-D: variable "deng_flag"  was declared but never referenced
      int x_flag = 0, y_flag = 0, deng_flag = 0;
..\Core\Src\tinyexpr.c: 2 warnings, 0 errors
compiling main.c...
../Core/Inc/tinyexpr.h(72): warning:  #14-D: extra text after expected end of preprocessing directive
  #endif /*TINYEXPR_H*/#pragma once
../Core/Inc/menu.h(11): warning:  #1-D: last line of file ends without a newline
  #endif
../Core/Src/main.c(179): warning:  #111-D: statement is unreachable
    UART_Transmit_Struct(&huart1, &calData, sizeof(calData));
../Core/Src/main.c: 3 warnings, 0 errors
compiling Nokia5110LCDbitFig.c...
../Core/Inc/tinyexpr.h(72): warning:  #14-D: extra text after expected end of preprocessing directive
  #endif /*TINYEXPR_H*/#pragma once
../Core/Inc/menu.h(11): warning:  #1-D: last line of file ends without a newline
  #endif
..\Core\Src\Nokia5110LCDbitFig.c: 2 warnings, 0 errors
compiling button.c...
../Core/Inc/tinyexpr.h(72): warning:  #14-D: extra text after expected end of preprocessing directive
  #endif /*TINYEXPR_H*/#pragma once
../Core/Inc/menu.h(11): warning:  #1-D: last line of file ends without a newline
  #endif
..\Core\Src\button.c: 2 warnings, 0 errors
compiling calculatorGP.c...
../Core/Inc/menu.h(11): warning:  #1-D: last line of file ends without a newline
  #endif
../Core/Inc/tinyexpr.h(72): warning:  #14-D: extra text after expected end of preprocessing directive
  #endif /*TINYEXPR_H*/#pragma once
..\Core\Src\calculatorGP.c(44): warning:  #520-D: initialization with "{...}" expected for aggregate object
  char butValString[7] = 0;
..\Core\Src\calculatorGP.c(184): warning:  #111-D: statement is unreachable
          break;
..\Core\Src\calculatorGP.c(187): warning:  #111-D: statement is unreachable
          break;
..\Core\Src\calculatorGP.c(190): warning:  #111-D: statement is unreachable
          break;
..\Core\Src\calculatorGP.c(193): warning:  #111-D: statement is unreachable
          break;
..\Core\Src\calculatorGP.c(196): warning:  #111-D: statement is unreachable
          break;
..\Core\Src\calculatorGP.c(199): warning:  #111-D: statement is unreachable
          break;
..\Core\Src\calculatorGP.c(202): warning:  #111-D: statement is unreachable
          break;
..\Core\Src\calculatorGP.c(205): warning:  #111-D: statement is unreachable
          break;
..\Core\Src\calculatorGP.c(208): warning:  #111-D: statement is unreachable
          break;
..\Core\Src\calculatorGP.c(211): warning:  #111-D: statement is unreachable
          break;
..\Core\Src\calculatorGP.c(214): warning:  #111-D: statement is unreachable
          break;
..\Core\Src\calculatorGP.c(217): warning:  #111-D: statement is unreachable
          break;
..\Core\Src\calculatorGP.c(220): warning:  #111-D: statement is unreachable
          break;
..\Core\Src\calculatorGP.c(223): warning:  #111-D: statement is unreachable
          break;
..\Core\Src\calculatorGP.c(226): warning:  #111-D: statement is unreachable
          break;
..\Core\Src\calculatorGP.c(229): warning:  #111-D: statement is unreachable
          break;
..\Core\Src\calculatorGP.c(232): warning:  #111-D: statement is unreachable
          break;
..\Core\Src\calculatorGP.c(235): warning:  #111-D: statement is unreachable
          break;
..\Core\Src\calculatorGP.c(238): warning:  #111-D: statement is unreachable
          break;
..\Core\Src\calculatorGP.c(241): warning:  #111-D: statement is unreachable
          break;
..\Core\Src\calculatorGP.c(244): warning:  #111-D: statement is unreachable
          break;
..\Core\Src\calculatorGP.c(248): warning:  #111-D: statement is unreachable
          break;
..\Core\Src\calculatorGP.c(275): warning:  #223-D: function "sprintf" declared implicitly
              sprintf(calData.answerStr, "%.2f", calData.answer);
..\Core\Src\calculatorGP.c: 26 warnings, 0 errors
compiling serialFrame.c...
../Core/Inc/tinyexpr.h(72): warning:  #14-D: extra text after expected end of preprocessing directive
  #endif /*TINYEXPR_H*/#pragma once
../Core/Inc/menu.h(11): warning:  #1-D: last line of file ends without a newline
  #endif
..\Core\Src\serialFrame.c: 2 warnings, 0 errors
compiling Nokia5110LCD.c...
../Core/Inc/tinyexpr.h(72): warning:  #14-D: extra text after expected end of preprocessing directive
  #endif /*TINYEXPR_H*/#pragma once
../Core/Inc/menu.h(11): warning:  #1-D: last line of file ends without a newline
  #endif
..\Core\Src\Nokia5110LCD.c: 2 warnings, 0 errors
compiling gpio.c...
../Core/Inc/tinyexpr.h(72): warning:  #14-D: extra text after expected end of preprocessing directive
  #endif /*TINYEXPR_H*/#pragma once
../Core/Inc/menu.h(11): warning:  #1-D: last line of file ends without a newline
  #endif
../Core/Src/gpio.c: 2 warnings, 0 errors
compiling stm32f1xx_hal_gpio_ex.c...
compiling spi.c...
../Core/Inc/tinyexpr.h(72): warning:  #14-D: extra text after expected end of preprocessing directive
  #endif /*TINYEXPR_H*/#pragma once
../Core/Inc/menu.h(11): warning:  #1-D: last line of file ends without a newline
  #endif
../Core/Src/spi.c: 2 warnings, 0 errors
compiling stm32f1xx_it.c...
../Core/Inc/tinyexpr.h(72): warning:  #14-D: extra text after expected end of preprocessing directive
  #endif /*TINYEXPR_H*/#pragma once
../Core/Inc/menu.h(11): warning:  #1-D: last line of file ends without a newline
  #endif
../Core/Src/stm32f1xx_it.c: 2 warnings, 0 errors
compiling stm32f1xx_hal_msp.c...
../Core/Inc/tinyexpr.h(72): warning:  #14-D: extra text after expected end of preprocessing directive
  #endif /*TINYEXPR_H*/#pragma once
../Core/Inc/menu.h(11): warning:  #1-D: last line of file ends without a newline
  #endif
../Core/Src/stm32f1xx_hal_msp.c: 2 warnings, 0 errors
compiling tim.c...
../Core/Inc/tinyexpr.h(72): warning:  #14-D: extra text after expected end of preprocessing directive
  #endif /*TINYEXPR_H*/#pragma once
../Core/Inc/menu.h(11): warning:  #1-D: last line of file ends without a newline
  #endif
../Core/Src/tim.c: 2 warnings, 0 errors
compiling menu.c...
../Core/Inc/tinyexpr.h(72): warning:  #14-D: extra text after expected end of preprocessing directive
  #endif /*TINYEXPR_H*/#pragma once
../Core/Inc/menu.h(11): warning:  #1-D: last line of file ends without a newline
  #endif
../Core/Inc/menu.h(11): warning:  #1-D: last line of file ends without a newline
  #endif
..\Core\Src\menu.c(55): warning:  #1-D: last line of file ends without a newline
  }
..\Core\Src\menu.c: 4 warnings, 0 errors
compiling usart.c...
../Core/Inc/tinyexpr.h(72): warning:  #14-D: extra text after expected end of preprocessing directive
  #endif /*TINYEXPR_H*/#pragma once
../Core/Inc/menu.h(11): warning:  #1-D: last line of file ends without a newline
  #endif
../Core/Src/usart.c: 2 warnings, 0 errors
compiling stm32f1xx_hal_cortex.c...
compiling stm32f1xx_hal_rcc_ex.c...
compiling stm32f1xx_hal_gpio.c...
compiling stm32f1xx_hal.c...
compiling stm32f1xx_hal_rcc.c...
compiling stm32f1xx_hal_dma.c...
compiling stm32f1xx_hal_spi.c...
compiling stm32f1xx_hal_flash_ex.c...
compiling stm32f1xx_hal_exti.c...
compiling stm32f1xx_hal_flash.c...
compiling stm32f1xx_hal_pwr.c...
compiling stm32f1xx_hal_tim_ex.c...
compiling stm32f1xx_hal_uart.c...
compiling stm32f1xx_hal_tim.c...
compiling system_stm32f1xx.c...
linking...
Program Size: Code=41340 RO-data=2960 RW-data=56 ZI-data=2736  
FromELF: creating hex file...
"Calculator\Calculator.axf" - 0 Error(s), 55 Warning(s).

<h2>Software Packages used:</h2>

Package Vendor: ARM
                http://www.keil.com/pack/ARM.CMSIS.5.4.0.pack
                ARM.CMSIS.5.4.0
                CMSIS (Cortex Microcontroller Software Interface Standard)
   * Component: CORE Version: 5.1.2

Package Vendor: Keil
                http://www.keil.com/pack/Keil.STM32F1xx_DFP.2.3.0.pack
                Keil.STM32F1xx_DFP.2.3.0
                STMicroelectronics STM32F1 Series Device Support, Drivers and Examples

<h2>Collection of Component include folders:</h2>
  .\RTE\_Calculator
  E:\Keil_v5\ARM\PACK\ARM\CMSIS\5.4.0\CMSIS\Core\Include
  E:\Keil_v5\ARM\PACK\Keil\STM32F1xx_DFP\2.3.0\Device\Include

<h2>Collection of Component Files used:</h2>

   * Component: ARM::CMSIS:CORE:5.1.2
Build Time Elapsed:  00:00:12
</pre>
</body>
</html>
