<html>
<body>
<pre>
<h1>µVision Build Log</h1>
<h2>Tool Versions:</h2>
IDE-Version: ¦ÌVision V5.26.2.0
Copyright (C) 2018 ARM Ltd and ARM Germany GmbH. All rights reserved.
License Information: 1 1, 1, LIC=ZB4EV-PVIG3-74XS0-B3DXQ-QV6YS-ER1Y5
 
Tool Versions:
Toolchain:       MDK-ARM Plus  Version: 5.26.2.0
Toolchain Path:  E:\Keil_v5\ARM\ARMCC\Bin
C Compiler:      Armcc.exe V5.06 update 6 (build 750)
Assembler:       Armasm.exe V5.06 update 6 (build 750)
Linker/Locator:  ArmLink.exe V5.06 update 6 (build 750)
Library Manager: ArmAr.exe V5.06 update 6 (build 750)
Hex Converter:   FromElf.exe V5.06 update 6 (build 750)
CPU DLL:         SARMCM3.DLL V5.26.2.0
Dialog DLL:      DCM.DLL V1.17.2.0
Target DLL:      STLink\ST-LINKIII-KEIL_SWO.dll V3.0.5.0
Dialog DLL:      TCM.DLL V1.36.1.0
 
<h2>Project:</h2>
D:\2023_Chips\Calculator\Calculator\MDK-ARM\Calculator.uvprojx
Project File Date:  12/13/2023

<h2>Output:</h2>
*** Using Compiler 'V5.06 update 6 (build 750)', folder: 'E:\Keil_v5\ARM\ARMCC\Bin'
Rebuild target 'Calculator'
assembling startup_stm32f103xb.s...
compiling main.c...
compiling gpio.c...
compiling Nokia5110LCDbitFig.c...
compiling button.c...
compiling spi.c...
compiling calculatorGP.c...
..\Core\Src\calculatorGP.c(80): warning:  #111-D: statement is unreachable
          break;
..\Core\Src\calculatorGP.c(83): warning:  #111-D: statement is unreachable
          break;
..\Core\Src\calculatorGP.c(86): warning:  #111-D: statement is unreachable
          break;
..\Core\Src\calculatorGP.c(89): warning:  #111-D: statement is unreachable
          break;
..\Core\Src\calculatorGP.c(92): warning:  #111-D: statement is unreachable
          break;
..\Core\Src\calculatorGP.c(95): warning:  #111-D: statement is unreachable
          break;
..\Core\Src\calculatorGP.c(98): warning:  #111-D: statement is unreachable
          break;
..\Core\Src\calculatorGP.c(101): warning:  #111-D: statement is unreachable
          break;
..\Core\Src\calculatorGP.c(104): warning:  #111-D: statement is unreachable
          break;
..\Core\Src\calculatorGP.c(107): warning:  #111-D: statement is unreachable
          break;
..\Core\Src\calculatorGP.c(110): warning:  #111-D: statement is unreachable
          break;
..\Core\Src\calculatorGP.c(113): warning:  #111-D: statement is unreachable
          break;
..\Core\Src\calculatorGP.c(116): warning:  #111-D: statement is unreachable
          break;
..\Core\Src\calculatorGP.c(119): warning:  #111-D: statement is unreachable
          break;
..\Core\Src\calculatorGP.c(122): warning:  #111-D: statement is unreachable
          break;
..\Core\Src\calculatorGP.c(125): warning:  #111-D: statement is unreachable
          break;
..\Core\Src\calculatorGP.c(128): warning:  #111-D: statement is unreachable
          break;
..\Core\Src\calculatorGP.c(131): warning:  #111-D: statement is unreachable
          break;
..\Core\Src\calculatorGP.c(134): warning:  #111-D: statement is unreachable
          break;
..\Core\Src\calculatorGP.c(137): warning:  #111-D: statement is unreachable
          break;
..\Core\Src\calculatorGP.c(140): warning:  #111-D: statement is unreachable
          break;
..\Core\Src\calculatorGP.c(144): warning:  #111-D: statement is unreachable
          break;
..\Core\Src\calculatorGP.c: 22 warnings, 0 errors
compiling Nokia5110LCD.c...
compiling stm32f1xx_hal_msp.c...
compiling stm32f1xx_hal_gpio_ex.c...
compiling tim.c...
compiling stm32f1xx_it.c...
compiling usart.c...
compiling stm32f1xx_hal.c...
compiling stm32f1xx_hal_spi.c...
compiling stm32f1xx_hal_rcc_ex.c...
compiling stm32f1xx_hal_gpio.c...
compiling stm32f1xx_hal_rcc.c...
compiling stm32f1xx_hal_cortex.c...
compiling stm32f1xx_hal_pwr.c...
compiling stm32f1xx_hal_flash.c...
compiling stm32f1xx_hal_dma.c...
compiling stm32f1xx_hal_flash_ex.c...
compiling stm32f1xx_hal_exti.c...
compiling system_stm32f1xx.c...
compiling stm32f1xx_hal_tim_ex.c...
compiling stm32f1xx_hal_uart.c...
compiling stm32f1xx_hal_tim.c...
linking...
Program Size: Code=9324 RO-data=792 RW-data=24 ZI-data=2584  
FromELF: creating hex file...
"Calculator\Calculator.axf" - 0 Error(s), 22 Warning(s).

<h2>Software Packages used:</h2>

Package Vendor: ARM
                http://www.keil.com/pack/ARM.CMSIS.5.4.0.pack
                ARM.CMSIS.5.4.0
                CMSIS (Cortex Microcontroller Software Interface Standard)
   * Component: CORE Version: 5.1.2

Package Vendor: Keil
                http://www.keil.com/pack/Keil.STM32F1xx_DFP.2.3.0.pack
                Keil.STM32F1xx_DFP.2.3.0
                STMicroelectronics STM32F1 Series Device Support, Drivers and Examples

<h2>Collection of Component include folders:</h2>
  .\RTE\_Calculator
  E:\Keil_v5\ARM\PACK\ARM\CMSIS\5.4.0\CMSIS\Core\Include
  E:\Keil_v5\ARM\PACK\Keil\STM32F1xx_DFP\2.3.0\Device\Include

<h2>Collection of Component Files used:</h2>

   * Component: ARM::CMSIS:CORE:5.1.2
Build Time Elapsed:  00:00:09
</pre>
</body>
</html>
